---
source: src/test.rs
expression: til
---
header:
  format: 17
  description: Local type definitions
  flags: 18
  dependencies:
    - mssdk
    - vc6win
  compiler_id: Unknown
  compiler_guessed: false
  cc: ~
  cn: N32F48
  cm: NN
  def_align: 128
  type_ordinal_alias: ~
  size_int: 4
  size_bool: 1
  size_enum: 4
  extended_sizeof_info: ~
  size_long_double: ~
  is_universal: false
symbols: []
types:
  - name: _EH4_SCOPETABLE_RECORD
    ordinal: 1
    tinfo:
      comment: ~
      is_const: false
      is_volatile: false
      type_variant:
        Struct:
          effective_alignment: ~
          members:
            - name: EnclosingLevel
              comment: ~
              member_type:
                comment: ~
                is_const: false
                is_volatile: false
                type_variant:
                  Basic:
                    Int:
                      is_signed: ~
              att: ~
              alignment: ~
              is_baseclass: false
              is_unaligned: false
              is_vft: false
              is_method: false
              is_unknown_8: false
            - name: FilterFunc
              comment: ~
              member_type:
                comment: ~
                is_const: false
                is_volatile: false
                type_variant:
                  Pointer:
                    closure: Default
                    modifier: ~
                    shifted: ~
                    typ:
                      comment: ~
                      is_const: false
                      is_volatile: false
                      type_variant:
                        Basic: Void
              att: ~
              alignment: ~
              is_baseclass: false
              is_unaligned: false
              is_vft: false
              is_method: false
              is_unknown_8: false
            - name: HandlerFunc
              comment: ~
              member_type:
                comment: ~
                is_const: false
                is_volatile: false
                type_variant:
                  Pointer:
                    closure: Default
                    modifier: ~
                    shifted: ~
                    typ:
                      comment: ~
                      is_const: false
                      is_volatile: false
                      type_variant:
                        Basic: Void
              att: ~
              alignment: ~
              is_baseclass: false
              is_unaligned: false
              is_vft: false
              is_method: false
              is_unknown_8: false
          extra_padding: ~
          is_unaligned: false
          is_msstruct: false
          is_cppobj: false
          is_vft: false
          is_fixed: false
          is_uknown_8: false
          alignment: ~
    sclass: ~
  - name: _EH4_SCOPETABLE
    ordinal: 2
    tinfo:
      comment: ~
      is_const: false
      is_volatile: false
      type_variant:
        Struct:
          effective_alignment: ~
          members:
            - name: GSCookieOffset
              comment: ~
              member_type:
                comment: ~
                is_const: false
                is_volatile: false
                type_variant:
                  Typeref:
                    ref_type: ~
                    typeref_value:
                      UnsolvedName: DWORD
              att: ~
              alignment: ~
              is_baseclass: false
              is_unaligned: false
              is_vft: false
              is_method: false
              is_unknown_8: false
            - name: GSCookieXOROffset
              comment: ~
              member_type:
                comment: ~
                is_const: false
                is_volatile: false
                type_variant:
                  Typeref:
                    ref_type: ~
                    typeref_value:
                      UnsolvedName: DWORD
              att: ~
              alignment: ~
              is_baseclass: false
              is_unaligned: false
              is_vft: false
              is_method: false
              is_unknown_8: false
            - name: EHCookieOffset
              comment: ~
              member_type:
                comment: ~
                is_const: false
                is_volatile: false
                type_variant:
                  Typeref:
                    ref_type: ~
                    typeref_value:
                      UnsolvedName: DWORD
              att: ~
              alignment: ~
              is_baseclass: false
              is_unaligned: false
              is_vft: false
              is_method: false
              is_unknown_8: false
            - name: EHCookieXOROffset
              comment: ~
              member_type:
                comment: ~
                is_const: false
                is_volatile: false
                type_variant:
                  Typeref:
                    ref_type: ~
                    typeref_value:
                      UnsolvedName: DWORD
              att: ~
              alignment: ~
              is_baseclass: false
              is_unaligned: false
              is_vft: false
              is_method: false
              is_unknown_8: false
            - name: ScopeRecord
              comment: ~
              member_type:
                comment: ~
                is_const: false
                is_volatile: false
                type_variant:
                  Array:
                    alignment: ~
                    base: 0
                    nelem: ~
                    elem_type:
                      comment: ~
                      is_const: false
                      is_volatile: false
                      type_variant:
                        Typeref:
                          ref_type: Struct
                          typeref_value:
                            Ref: 0
              att: ~
              alignment: ~
              is_baseclass: false
              is_unaligned: false
              is_vft: false
              is_method: false
              is_unknown_8: false
          extra_padding: ~
          is_unaligned: false
          is_msstruct: false
          is_cppobj: false
          is_vft: false
          is_fixed: false
          is_uknown_8: false
          alignment: ~
    sclass: ~
macros: []
