---
source: src/test.rs
expression: entry_points
---
- name: ".init_proc"
  address: 4199832
  forwarded: ~
  entry_type: ~
- name: start
  address: 4204034
  forwarded: ~
  entry_type: ~
- name: ".term_proc"
  address: 4229516
  forwarded: ~
  entry_type: ~
- name: program_invocation_short_name
  address: 6337312
  forwarded: ~
  entry_type: ~
- name: stdout
  address: 6337328
  forwarded: ~
  entry_type:
    comment: ~
    is_const: false
    is_volatile: false
    type_variant:
      Pointer:
        closure: Default
        modifier: ~
        shifted: ~
        typ:
          comment: ~
          is_const: false
          is_volatile: false
          type_variant:
            Typeref:
              ref_type: ~
              typeref_value:
                UnsolvedName: FILE
- name: optind
  address: 6337344
  forwarded: ~
  entry_type: ~
- name: program_invocation_name
  address: 6337352
  forwarded: ~
  entry_type: ~
- name: stderr
  address: 6337360
  forwarded: ~
  entry_type:
    comment: ~
    is_const: false
    is_volatile: false
    type_variant:
      Pointer:
        closure: Default
        modifier: ~
        shifted: ~
        typ:
          comment: ~
          is_const: false
          is_volatile: false
          type_variant:
            Typeref:
              ref_type: ~
              typeref_value:
                UnsolvedName: FILE
