---
source: src/test.rs
expression: segments
---
- address:
    start: 0
    end: 2512
  name: 1
  class_id: 2
  orgbase: 0
  flags: 80
  align: Rel4K
  comb: Pub
  perm: 4
  bitness: S64Bits
  seg_type: Data
  selector: 1
  defsr:
    - 1
    - 1
    - 1
    - 21
    - 1
    - 1
    - 1
    - 1
    - 1
    - 1
    - 1
    - 1
    - 1
    - 1
    - 1
    - 1
  color: 0
- address:
    start: 4096
    end: 4123
  name: 4
  class_id: 3
  orgbase: 0
  flags: 16
  align: RelDble
  comb: Pub
  perm: 5
  bitness: S64Bits
  seg_type: Code
  selector: 8
  defsr:
    - 0
    - 0
    - 0
    - 21
    - 0
    - 0
    - 0
    - 0
    - 0
    - 0
    - 0
    - 0
    - 0
    - 0
    - 0
    - 0
  color: 0
- address:
    start: 4123
    end: 4128
  name: 1
  class_id: 3
  orgbase: 0
  flags: 16
  align: Rel4K
  comb: Pub
  perm: 5
  bitness: S64Bits
  seg_type: Code
  selector: 2
  defsr:
    - 1
    - 1
    - 1
    - 21
    - 1
    - 1
    - 1
    - 1
    - 1
    - 1
    - 1
    - 1
    - 1
    - 1
    - 1
    - 1
  color: 0
- address:
    start: 4128
    end: 4352
  name: 5
  class_id: 3
  orgbase: 0
  flags: 16
  align: RelPara
  comb: Pub
  perm: 5
  bitness: S64Bits
  seg_type: Code
  selector: 9
  defsr:
    - 0
    - 0
    - 0
    - 21
    - 0
    - 0
    - 0
    - 0
    - 0
    - 0
    - 0
    - 0
    - 0
    - 0
    - 0
    - 0
  color: 0
- address:
    start: 4352
    end: 4368
  name: 6
  class_id: 3
  orgbase: 0
  flags: 16
  align: RelPara
  comb: Pub
  perm: 5
  bitness: S64Bits
  seg_type: Code
  selector: 10
  defsr:
    - 0
    - 0
    - 0
    - 21
    - 0
    - 0
    - 0
    - 0
    - 0
    - 0
    - 0
    - 0
    - 0
    - 0
    - 0
    - 0
  color: 0
- address:
    start: 4368
    end: 4576
  name: 7
  class_id: 3
  orgbase: 0
  flags: 16
  align: RelPara
  comb: Pub
  perm: 5
  bitness: S64Bits
  seg_type: Code
  selector: 11
  defsr:
    - 0
    - 0
    - 0
    - 21
    - 0
    - 0
    - 0
    - 0
    - 0
    - 0
    - 0
    - 0
    - 0
    - 0
    - 0
    - 0
  color: 0
- address:
    start: 4576
    end: 7203
  name: 8
  class_id: 3
  orgbase: 0
  flags: 16
  align: RelPara
  comb: Pub
  perm: 5
  bitness: S64Bits
  seg_type: Code
  selector: 12
  defsr:
    - 0
    - 0
    - 0
    - 21
    - 0
    - 0
    - 0
    - 0
    - 0
    - 0
    - 0
    - 0
    - 0
    - 0
    - 0
    - 0
  color: 0
- address:
    start: 7203
    end: 7204
  name: 1
  class_id: 3
  orgbase: 0
  flags: 16
  align: Rel4K
  comb: Pub
  perm: 5
  bitness: S64Bits
  seg_type: Code
  selector: 2
  defsr:
    - 1
    - 1
    - 1
    - 21
    - 1
    - 1
    - 1
    - 1
    - 1
    - 1
    - 1
    - 1
    - 1
    - 1
    - 1
    - 1
  color: 0
- address:
    start: 7204
    end: 7217
  name: 9
  class_id: 3
  orgbase: 0
  flags: 16
  align: RelDble
  comb: Pub
  perm: 5
  bitness: S64Bits
  seg_type: Code
  selector: 13
  defsr:
    - 0
    - 0
    - 0
    - 21
    - 0
    - 0
    - 0
    - 0
    - 0
    - 0
    - 0
    - 0
    - 0
    - 0
    - 0
    - 0
  color: 0
- address:
    start: 8192
    end: 13517
  name: 10
  class_id: 11
  orgbase: 0
  flags: 16
  align: RelQword
  comb: Pub
  perm: 4
  bitness: S64Bits
  seg_type: Data
  selector: 14
  defsr:
    - 0
    - 0
    - 0
    - 21
    - 0
    - 0
    - 0
    - 0
    - 0
    - 0
    - 0
    - 0
    - 0
    - 0
    - 0
    - 0
  color: 0
- address:
    start: 13517
    end: 13520
  name: 1
  class_id: 2
  orgbase: 0
  flags: 16
  align: Rel4K
  comb: Pub
  perm: 4
  bitness: S64Bits
  seg_type: Data
  selector: 3
  defsr:
    - 1
    - 1
    - 1
    - 21
    - 1
    - 1
    - 1
    - 1
    - 1
    - 1
    - 1
    - 1
    - 1
    - 1
    - 1
    - 1
  color: 0
- address:
    start: 13520
    end: 13644
  name: 12
  class_id: 11
  orgbase: 0
  flags: 16
  align: RelDble
  comb: Pub
  perm: 4
  bitness: S64Bits
  seg_type: Data
  selector: 15
  defsr:
    - 0
    - 0
    - 0
    - 21
    - 0
    - 0
    - 0
    - 0
    - 0
    - 0
    - 0
    - 0
    - 0
    - 0
    - 0
    - 0
  color: 0
- address:
    start: 13644
    end: 13648
  name: 1
  class_id: 2
  orgbase: 0
  flags: 16
  align: Rel4K
  comb: Pub
  perm: 4
  bitness: S64Bits
  seg_type: Data
  selector: 3
  defsr:
    - 1
    - 1
    - 1
    - 21
    - 1
    - 1
    - 1
    - 1
    - 1
    - 1
    - 1
    - 1
    - 1
    - 1
    - 1
    - 1
  color: 0
- address:
    start: 13648
    end: 14184
  name: 13
  class_id: 11
  orgbase: 0
  flags: 16
  align: RelQword
  comb: Pub
  perm: 4
  bitness: S64Bits
  seg_type: Data
  selector: 16
  defsr:
    - 0
    - 0
    - 0
    - 21
    - 0
    - 0
    - 0
    - 0
    - 0
    - 0
    - 0
    - 0
    - 0
    - 0
    - 0
    - 0
  color: 0
- address:
    start: 19792
    end: 19808
  name: 14
  class_id: 2
  orgbase: 0
  flags: 16
  align: RelQword
  comb: Pub
  perm: 6
  bitness: S64Bits
  seg_type: Data
  selector: 17
  defsr:
    - 0
    - 0
    - 0
    - 21
    - 0
    - 0
    - 0
    - 0
    - 0
    - 0
    - 0
    - 0
    - 0
    - 0
    - 0
    - 0
  color: 0
- address:
    start: 19808
    end: 19816
  name: 15
  class_id: 2
  orgbase: 0
  flags: 16
  align: RelQword
  comb: Pub
  perm: 6
  bitness: S64Bits
  seg_type: Data
  selector: 18
  defsr:
    - 0
    - 0
    - 0
    - 21
    - 0
    - 0
    - 0
    - 0
    - 0
    - 0
    - 0
    - 0
    - 0
    - 0
    - 0
    - 0
  color: 0
- address:
    start: 19816
    end: 20312
  name: 1
  class_id: 2
  orgbase: 0
  flags: 16
  align: Rel4K
  comb: Pub
  perm: 6
  bitness: S64Bits
  seg_type: Data
  selector: 4
  defsr:
    - 1
    - 1
    - 1
    - 21
    - 1
    - 1
    - 1
    - 1
    - 1
    - 1
    - 1
    - 1
    - 1
    - 1
    - 1
    - 1
  color: 0
- address:
    start: 20312
    end: 20480
  name: 16
  class_id: 2
  orgbase: 0
  flags: 16
  align: RelQword
  comb: Pub
  perm: 6
  bitness: S64Bits
  seg_type: Data
  selector: 19
  defsr:
    - 0
    - 0
    - 0
    - 21
    - 0
    - 0
    - 0
    - 0
    - 0
    - 0
    - 0
    - 0
    - 0
    - 0
    - 0
    - 0
  color: 0
- address:
    start: 20480
    end: 20580
  name: 17
  class_id: 2
  orgbase: 0
  flags: 16
  align: Rel32Bytes
  comb: Pub
  perm: 6
  bitness: S64Bits
  seg_type: Data
  selector: 20
  defsr:
    - 0
    - 0
    - 0
    - 21
    - 0
    - 0
    - 0
    - 0
    - 0
    - 0
    - 0
    - 0
    - 0
    - 0
    - 0
    - 0
  color: 0
- address:
    start: 20580
    end: 20608
  name: 1
  class_id: 2
  orgbase: 0
  flags: 16
  align: Rel4K
  comb: Pub
  perm: 6
  bitness: S64Bits
  seg_type: Data
  selector: 4
  defsr:
    - 1
    - 1
    - 1
    - 21
    - 1
    - 1
    - 1
    - 1
    - 1
    - 1
    - 1
    - 1
    - 1
    - 1
    - 1
    - 1
  color: 0
- address:
    start: 20608
    end: 20688
  name: 18
  class_id: 19
  orgbase: 0
  flags: 16
  align: Rel32Bytes
  comb: Pub
  perm: 6
  bitness: S64Bits
  seg_type: Bss
  selector: 21
  defsr:
    - 0
    - 0
    - 0
    - 21
    - 0
    - 0
    - 0
    - 0
    - 0
    - 0
    - 0
    - 0
    - 0
    - 0
    - 0
    - 0
  color: 0
- address:
    start: 20688
    end: 20832
  name: 20
  class_id: 0
  orgbase: 0
  flags: 16
  align: RelQword
  comb: Pub
  perm: ~
  bitness: S64Bits
  seg_type: Xtrn
  selector: 22
  defsr:
    - 0
    - 0
    - 0
    - 0
    - 0
    - 0
    - 0
    - 0
    - 0
    - 0
    - 0
    - 0
    - 0
    - 0
    - 0
    - 0
  color: 0
