---
source: src/test.rs
expression: entry_points
---
- name: ".init_proc"
  address: 4096
  forwarded: ~
  entry_type: ~
- name: _start
  address: 4128
  forwarded: ~
  entry_type: ~
- name: main
  address: 4377
  forwarded: ~
  entry_type:
    comment: ~
    is_const: false
    is_volatile: false
    type_variant:
      Function:
        calling_convention: Fastcall
        ret:
          comment: ~
          is_const: false
          is_volatile: false
          type_variant:
            Basic:
              Int:
                is_signed: ~
        args:
          - name: ~
            comment: ~
            ty:
              comment: ~
              is_const: false
              is_volatile: false
              type_variant:
                Basic:
                  Int:
                    is_signed: ~
            loc: ~
            flags: ~
          - name: ~
            comment: ~
            ty:
              comment: ~
              is_const: false
              is_volatile: false
              type_variant:
                Pointer:
                  closure: Default
                  modifier: ~
                  shifted: ~
                  typ:
                    comment: ~
                    is_const: false
                    is_volatile: false
                    type_variant:
                      Pointer:
                        closure: Default
                        modifier: ~
                        shifted: ~
                        typ:
                          comment: ~
                          is_const: true
                          is_volatile: false
                          type_variant:
                            Basic: Char
            loc: ~
            flags: ~
          - name: ~
            comment: ~
            ty:
              comment: ~
              is_const: false
              is_volatile: false
              type_variant:
                Pointer:
                  closure: Default
                  modifier: ~
                  shifted: ~
                  typ:
                    comment: ~
                    is_const: false
                    is_volatile: false
                    type_variant:
                      Pointer:
                        closure: Default
                        modifier: ~
                        shifted: ~
                        typ:
                          comment: ~
                          is_const: true
                          is_volatile: false
                          type_variant:
                            Basic: Char
            loc: ~
            flags: ~
        retloc: ~
        method: ~
        is_noret: false
        is_pure: false
        is_high: false
        is_static: false
        is_virtual: false
        is_const: false
        is_constructor: false
        is_destructor: false
- name: ".term_proc"
  address: 4388
  forwarded: ~
  entry_type: ~
- name: _IO_stdin_used
  address: 8192
  forwarded: ~
  entry_type: ~
- name: __data_start
  address: 16384
  forwarded: ~
  entry_type: ~
- name: __dso_handle
  address: 16392
  forwarded: ~
  entry_type:
    comment: ~
    is_const: false
    is_volatile: false
    type_variant:
      Pointer:
        closure: Default
        modifier: ~
        shifted: ~
        typ:
          comment: ~
          is_const: false
          is_volatile: false
          type_variant:
            Basic: Void
- name: __bss_start
  address: 16400
  forwarded: ~
  entry_type: ~
