---
hash: DF8BB4AB99F68778
source: src/test.rs
expression: srareas
---
[
 ("cs", [
  (
   range: (
    start: (4198400),
    end: (4558848),
   ),
   value: Some(0),
   tag: Some(Auto),
  ),
  (
   range: (
    start: (4558848),
    end: (4559692),
   ),
   value: Some(0),
   tag: Some(Auto),
  ),
  (
   range: (
    start: (4559692),
    end: (4636672),
   ),
   value: Some(0),
   tag: Some(Auto),
  ),
  (
   range: (
    start: (4636672),
    end: (4648960),
   ),
   value: Some(0),
   tag: Some(Auto),
  ),
  (
   range: (
    start: (4648960),
    end: (4653056),
   ),
   value: Some(0),
   tag: Some(Auto),
  ),
 ]),
 ("ds", [
  (
   range: (
    start: (4198400),
    end: (4448889),
   ),
   value: Some(3),
   tag: Some(Auto),
  ),
  (
   range: (
    start: (4448889),
    end: (4558848),
   ),
   value: Some(3),
   tag: Some(Auto),
  ),
  (
   range: (
    start: (4558848),
    end: (4559692),
   ),
   value: Some(3),
   tag: Some(Auto),
  ),
  (
   range: (
    start: (4559692),
    end: (4636672),
   ),
   value: Some(3),
   tag: Some(Auto),
  ),
  (
   range: (
    start: (4636672),
    end: (4648960),
   ),
   value: Some(3),
   tag: Some(Auto),
  ),
  (
   range: (
    start: (4648960),
    end: (4653056),
   ),
   value: Some(3),
   tag: Some(Auto),
  ),
 ]),
 ("es", [
  (
   range: (
    start: (4198400),
    end: (4499623),
   ),
   value: Some(0),
   tag: Some(Auto),
  ),
  (
   range: (
    start: (4499623),
    end: (4558848),
   ),
   value: Some(0),
   tag: Some(Auto),
  ),
  (
   range: (
    start: (4558848),
    end: (4559692),
   ),
   value: Some(0),
   tag: Some(Auto),
  ),
  (
   range: (
    start: (4559692),
    end: (4636672),
   ),
   value: Some(0),
   tag: Some(Auto),
  ),
  (
   range: (
    start: (4636672),
    end: (4648960),
   ),
   value: Some(0),
   tag: Some(Auto),
  ),
  (
   range: (
    start: (4648960),
    end: (4653056),
   ),
   value: Some(0),
   tag: Some(Auto),
  ),
 ]),
 ("fs", [
  (
   range: (
    start: (4198400),
    end: (4558848),
   ),
   value: None,
   tag: Some(Auto),
  ),
  (
   range: (
    start: (4558848),
    end: (4559692),
   ),
   value: None,
   tag: Some(Auto),
  ),
  (
   range: (
    start: (4559692),
    end: (4636672),
   ),
   value: None,
   tag: Some(Auto),
  ),
  (
   range: (
    start: (4636672),
    end: (4648960),
   ),
   value: None,
   tag: Some(Auto),
  ),
  (
   range: (
    start: (4648960),
    end: (4653056),
   ),
   value: None,
   tag: Some(Auto),
  ),
 ]),
 ("gs", [
  (
   range: (
    start: (4198400),
    end: (4558848),
   ),
   value: None,
   tag: Some(Auto),
  ),
  (
   range: (
    start: (4558848),
    end: (4559692),
   ),
   value: None,
   tag: Some(Auto),
  ),
  (
   range: (
    start: (4559692),
    end: (4636672),
   ),
   value: None,
   tag: Some(Auto),
  ),
  (
   range: (
    start: (4636672),
    end: (4648960),
   ),
   value: None,
   tag: Some(Auto),
  ),
  (
   range: (
    start: (4648960),
    end: (4653056),
   ),
   value: None,
   tag: Some(Auto),
  ),
 ]),
 ("ss", [
  (
   range: (
    start: (4198400),
    end: (4558848),
   ),
   value: Some(0),
   tag: Some(Auto),
  ),
  (
   range: (
    start: (4558848),
    end: (4559692),
   ),
   value: Some(0),
   tag: Some(Auto),
  ),
  (
   range: (
    start: (4559692),
    end: (4636672),
   ),
   value: Some(0),
   tag: Some(Auto),
  ),
  (
   range: (
    start: (4636672),
    end: (4648960),
   ),
   value: Some(0),
   tag: Some(Auto),
  ),
  (
   range: (
    start: (4648960),
    end: (4653056),
   ),
   value: Some(0),
   tag: Some(Auto),
  ),
 ]),
]