---
source: src/test.rs
expression: til
---
header:
  format: 18
  description: Local type definitions
  flags: 18
  dependencies:
    - uefi64
  compiler_id: Unknown
  compiler_guessed: false
  cc: ~
  cn: N32F48
  cm: NN
  def_align: ~
  type_ordinal_alias: ~
  size_int: 4
  size_bool: 1
  size_enum: 4
  extended_sizeof_info: ~
  size_long_double: ~
  is_universal: false
symbols: []
types: []
macros: []
