---
hash: 3FC61EA891AABE6D
source: src/test.rs
expression: srareas
---
[
 ("cs", [
  (
   range: (
    start: (0),
    end: (4096),
   ),
   value: Some(0),
   tag: Some(Auto),
  ),
  (
   range: (
    start: (4096),
    end: (8192),
   ),
   value: None,
   tag: Some(Auto),
  ),
 ]),
 ("ds", [
  (
   range: (
    start: (0),
    end: (4096),
   ),
   value: Some(0),
   tag: Some(Auto),
  ),
  (
   range: (
    start: (4096),
    end: (8192),
   ),
   value: None,
   tag: Some(Auto),
  ),
 ]),
 ("es", [
  (
   range: (
    start: (0),
    end: (4096),
   ),
   value: Some(0),
   tag: Some(Auto),
  ),
  (
   range: (
    start: (4096),
    end: (8192),
   ),
   value: None,
   tag: Some(Auto),
  ),
 ]),
 ("fs", [
  (
   range: (
    start: (0),
    end: (4096),
   ),
   value: Some(0),
   tag: Some(Auto),
  ),
  (
   range: (
    start: (4096),
    end: (8192),
   ),
   value: None,
   tag: Some(Auto),
  ),
 ]),
 ("gs", [
  (
   range: (
    start: (0),
    end: (4096),
   ),
   value: Some(0),
   tag: Some(Auto),
  ),
  (
   range: (
    start: (4096),
    end: (8192),
   ),
   value: None,
   tag: Some(Auto),
  ),
 ]),
 ("ss", [
  (
   range: (
    start: (0),
    end: (4096),
   ),
   value: Some(0),
   tag: Some(Auto),
  ),
  (
   range: (
    start: (4096),
    end: (8192),
   ),
   value: None,
   tag: Some(Auto),
  ),
 ]),
]