---
hash: A4D45DE3C7AA434C
source: src/test.rs
expression: srareas
---
[
 (
  range: (
   start: (0),
   end: (2512),
  ),
  _unk0: 1,
  tag: Some(Auto),
 ),
 (
  range: (
   start: (4096),
   end: (4123),
  ),
  _unk0: 0,
  tag: Some(Auto),
 ),
 (
  range: (
   start: (4123),
   end: (4128),
  ),
  _unk0: 1,
  tag: Some(Auto),
 ),
 (
  range: (
   start: (4128),
   end: (4352),
  ),
  _unk0: 0,
  tag: Some(Auto),
 ),
 (
  range: (
   start: (4352),
   end: (4368),
  ),
  _unk0: 0,
  tag: Some(Auto),
 ),
 (
  range: (
   start: (4368),
   end: (4576),
  ),
  _unk0: 0,
  tag: Some(Auto),
 ),
 (
  range: (
   start: (4576),
   end: (7203),
  ),
  _unk0: 0,
  tag: Some(Auto),
 ),
 (
  range: (
   start: (7203),
   end: (7204),
  ),
  _unk0: 1,
  tag: Some(Auto),
 ),
 (
  range: (
   start: (7204),
   end: (7217),
  ),
  _unk0: 0,
  tag: Some(Auto),
 ),
 (
  range: (
   start: (8192),
   end: (13517),
  ),
  _unk0: 0,
  tag: Some(Auto),
 ),
 (
  range: (
   start: (13517),
   end: (13520),
  ),
  _unk0: 1,
  tag: Some(Auto),
 ),
 (
  range: (
   start: (13520),
   end: (13644),
  ),
  _unk0: 0,
  tag: Some(Auto),
 ),
 (
  range: (
   start: (13644),
   end: (13648),
  ),
  _unk0: 1,
  tag: Some(Auto),
 ),
 (
  range: (
   start: (13648),
   end: (14184),
  ),
  _unk0: 0,
  tag: Some(Auto),
 ),
 (
  range: (
   start: (19792),
   end: (19808),
  ),
  _unk0: 0,
  tag: Some(Auto),
 ),
 (
  range: (
   start: (19808),
   end: (19816),
  ),
  _unk0: 0,
  tag: Some(Auto),
 ),
 (
  range: (
   start: (19816),
   end: (20312),
  ),
  _unk0: 1,
  tag: Some(Auto),
 ),
 (
  range: (
   start: (20312),
   end: (20480),
  ),
  _unk0: 0,
  tag: Some(Auto),
 ),
 (
  range: (
   start: (20480),
   end: (20580),
  ),
  _unk0: 0,
  tag: Some(Auto),
 ),
 (
  range: (
   start: (20580),
   end: (20608),
  ),
  _unk0: 1,
  tag: Some(Auto),
 ),
 (
  range: (
   start: (20608),
   end: (20688),
  ),
  _unk0: 0,
  tag: Some(Auto),
 ),
 (
  range: (
   start: (20688),
   end: (20832),
  ),
  _unk0: 0,
  tag: Some(Auto),
 ),
]