---
hash: C4ED69A7351C7844
source: src/test.rs
expression: srareas
---
[
 ("cs", [
  (
   range: (
    start: (1754267648),
    end: (1754271744),
   ),
   value: None,
   tag: Some(Auto),
  ),
  (
   range: (
    start: (1754271744),
    end: (1755164672),
   ),
   value: Some(0),
   tag: Some(Auto),
  ),
  (
   range: (
    start: (1755164672),
    end: (1755172864),
   ),
   value: Some(0),
   tag: Some(Auto),
  ),
  (
   range: (
    start: (1755172864),
    end: (1755177520),
   ),
   value: Some(0),
   tag: Some(Auto),
  ),
  (
   range: (
    start: (1755213824),
    end: (1755217920),
   ),
   value: Some(0),
   tag: Some(Auto),
  ),
  (
   range: (
    start: (1755217920),
    end: (1755283456),
   ),
   value: Some(0),
   tag: Some(Auto),
  ),
 ]),
 ("ds", [
  (
   range: (
    start: (1754267648),
    end: (1754271744),
   ),
   value: Some(3),
   tag: Some(Auto),
  ),
  (
   range: (
    start: (1754271744),
    end: (1754273429),
   ),
   value: Some(3),
   tag: Some(Auto),
  ),
  (
   range: (
    start: (1754273429),
    end: (1755164672),
   ),
   value: Some(3),
   tag: Some(Auto),
  ),
  (
   range: (
    start: (1755164672),
    end: (1755172864),
   ),
   value: Some(3),
   tag: Some(Auto),
  ),
  (
   range: (
    start: (1755172864),
    end: (1755177520),
   ),
   value: Some(3),
   tag: Some(Auto),
  ),
  (
   range: (
    start: (1755213824),
    end: (1755217920),
   ),
   value: Some(3),
   tag: Some(Auto),
  ),
  (
   range: (
    start: (1755217920),
    end: (1755283456),
   ),
   value: Some(3),
   tag: Some(Auto),
  ),
 ]),
 ("es", [
  (
   range: (
    start: (1754267648),
    end: (1754271744),
   ),
   value: None,
   tag: Some(Auto),
  ),
  (
   range: (
    start: (1754271744),
    end: (1755164672),
   ),
   value: Some(0),
   tag: Some(Auto),
  ),
  (
   range: (
    start: (1755164672),
    end: (1755172864),
   ),
   value: Some(0),
   tag: Some(Auto),
  ),
  (
   range: (
    start: (1755172864),
    end: (1755177520),
   ),
   value: Some(0),
   tag: Some(Auto),
  ),
  (
   range: (
    start: (1755213824),
    end: (1755217920),
   ),
   value: Some(0),
   tag: Some(Auto),
  ),
  (
   range: (
    start: (1755217920),
    end: (1755283456),
   ),
   value: Some(0),
   tag: Some(Auto),
  ),
 ]),
 ("fs", [
  (
   range: (
    start: (1754267648),
    end: (1754271744),
   ),
   value: None,
   tag: Some(Auto),
  ),
  (
   range: (
    start: (1754271744),
    end: (1755164672),
   ),
   value: None,
   tag: Some(Auto),
  ),
  (
   range: (
    start: (1755164672),
    end: (1755172864),
   ),
   value: None,
   tag: Some(Auto),
  ),
  (
   range: (
    start: (1755172864),
    end: (1755177520),
   ),
   value: None,
   tag: Some(Auto),
  ),
  (
   range: (
    start: (1755213824),
    end: (1755217920),
   ),
   value: None,
   tag: Some(Auto),
  ),
  (
   range: (
    start: (1755217920),
    end: (1755283456),
   ),
   value: None,
   tag: Some(Auto),
  ),
 ]),
 ("gs", [
  (
   range: (
    start: (1754267648),
    end: (1754271744),
   ),
   value: None,
   tag: Some(Auto),
  ),
  (
   range: (
    start: (1754271744),
    end: (1755164672),
   ),
   value: None,
   tag: Some(Auto),
  ),
  (
   range: (
    start: (1755164672),
    end: (1755172864),
   ),
   value: None,
   tag: Some(Auto),
  ),
  (
   range: (
    start: (1755172864),
    end: (1755177520),
   ),
   value: None,
   tag: Some(Auto),
  ),
  (
   range: (
    start: (1755213824),
    end: (1755217920),
   ),
   value: None,
   tag: Some(Auto),
  ),
  (
   range: (
    start: (1755217920),
    end: (1755283456),
   ),
   value: None,
   tag: Some(Auto),
  ),
 ]),
 ("ss", [
  (
   range: (
    start: (1754267648),
    end: (1754271744),
   ),
   value: None,
   tag: Some(Auto),
  ),
  (
   range: (
    start: (1754271744),
    end: (1755164672),
   ),
   value: Some(0),
   tag: Some(Auto),
  ),
  (
   range: (
    start: (1755164672),
    end: (1755172864),
   ),
   value: Some(0),
   tag: Some(Auto),
  ),
  (
   range: (
    start: (1755172864),
    end: (1755177520),
   ),
   value: Some(0),
   tag: Some(Auto),
  ),
  (
   range: (
    start: (1755213824),
    end: (1755217920),
   ),
   value: Some(0),
   tag: Some(Auto),
  ),
  (
   range: (
    start: (1755217920),
    end: (1755283456),
   ),
   value: Some(0),
   tag: Some(Auto),
  ),
 ]),
]