---
hash: C7B52CBDF808D1B0
source: src/test.rs
expression: srareas
---
[
 (
  range: (
   start: (4399680),
   end: (4399732),
  ),
  _unk0: 1,
  tag: Some(Auto),
 ),
 (
  range: (
   start: (4662656),
   end: (4663680),
  ),
  _unk0: 1,
  tag: Some(Auto),
 ),
 (
  range: (
   start: (5150064),
   end: (5150072),
  ),
  _unk0: 1,
  tag: Some(Auto),
 ),
]