---
hash: DDB0512ABB150329
source: src/test.rs
expression: til
---
Some((
 header: (
  format: 18,
  description: "Local type definitions",
  flags: (18),
  dependencies: [
   "gnulnx_x64",
  ],
  compiler_id: Unknown,
  compiler_guessed: false,
  cc: None,
  cn: Some(N32F48),
  cm: Some(NN),
  def_align: None,
  type_ordinal_alias: None,
  size_int: 4,
  size_bool: 1,
  size_enum: Some(4),
  extended_sizeof_info: None,
  size_long_double: None,
  is_universal: false,
 ),
 symbols: [
  (
   name: "RSA_PKCS1_PADDING",
   ordinal: 1,
   tinfo: (
    comment: None,
    is_const: false,
    is_volatile: false,
    type_variant: Typeref((
     ref_type: None,
     typeref_value: Ref(19),
    )),
   ),
   sclass: None,
  ),
  (
   name: "RSA_NO_PADDING",
   ordinal: 3,
   tinfo: (
    comment: None,
    is_const: false,
    is_volatile: false,
    type_variant: Typeref((
     ref_type: None,
     typeref_value: Ref(19),
    )),
   ),
   sclass: None,
  ),
  (
   name: "RSA_PKCS1_OAEP_PADDING",
   ordinal: 4,
   tinfo: (
    comment: None,
    is_const: false,
    is_volatile: false,
    type_variant: Typeref((
     ref_type: None,
     typeref_value: Ref(19),
    )),
   ),
   sclass: None,
  ),
  (
   name: "RSA_X931_PADDING",
   ordinal: 5,
   tinfo: (
    comment: None,
    is_const: false,
    is_volatile: false,
    type_variant: Typeref((
     ref_type: None,
     typeref_value: Ref(19),
    )),
   ),
   sclass: None,
  ),
 ],
 types: [
  (
   name: "Elf64_Sym",
   ordinal: 1,
   tinfo: (
    comment: None,
    is_const: false,
    is_volatile: false,
    type_variant: Struct((
     effective_alignment: None,
     members: [
      (
       name: Some("st_name"),
       comment: None,
       member_type: (
        comment: None,
        is_const: false,
        is_volatile: false,
        type_variant: Basic(IntSized(
         bytes: 4,
         is_signed: Some(false),
        )),
       ),
       att: None,
       alignment: None,
       is_baseclass: false,
       is_unaligned: false,
       is_vft: false,
       is_method: false,
       is_unknown_8: false,
      ),
      (
       name: Some("st_info"),
       comment: None,
       member_type: (
        comment: None,
        is_const: false,
        is_volatile: false,
        type_variant: Basic(IntSized(
         bytes: 1,
         is_signed: Some(false),
        )),
       ),
       att: None,
       alignment: None,
       is_baseclass: false,
       is_unaligned: false,
       is_vft: false,
       is_method: false,
       is_unknown_8: false,
      ),
      (
       name: Some("st_other"),
       comment: None,
       member_type: (
        comment: None,
        is_const: false,
        is_volatile: false,
        type_variant: Basic(IntSized(
         bytes: 1,
         is_signed: Some(false),
        )),
       ),
       att: None,
       alignment: None,
       is_baseclass: false,
       is_unaligned: false,
       is_vft: false,
       is_method: false,
       is_unknown_8: false,
      ),
      (
       name: Some("st_shndx"),
       comment: None,
       member_type: (
        comment: None,
        is_const: false,
        is_volatile: false,
        type_variant: Basic(IntSized(
         bytes: 2,
         is_signed: Some(false),
        )),
       ),
       att: None,
       alignment: None,
       is_baseclass: false,
       is_unaligned: false,
       is_vft: false,
       is_method: false,
       is_unknown_8: false,
      ),
      (
       name: Some("st_value"),
       comment: None,
       member_type: (
        comment: None,
        is_const: false,
        is_volatile: false,
        type_variant: Basic(IntSized(
         bytes: 8,
         is_signed: Some(false),
        )),
       ),
       att: None,
       alignment: None,
       is_baseclass: false,
       is_unaligned: false,
       is_vft: false,
       is_method: false,
       is_unknown_8: false,
      ),
      (
       name: Some("st_size"),
       comment: None,
       member_type: (
        comment: None,
        is_const: false,
        is_volatile: false,
        type_variant: Basic(IntSized(
         bytes: 8,
         is_signed: Some(false),
        )),
       ),
       att: None,
       alignment: None,
       is_baseclass: false,
       is_unaligned: false,
       is_vft: false,
       is_method: false,
       is_unknown_8: false,
      ),
     ],
     extra_padding: None,
     is_unaligned: false,
     is_msstruct: false,
     is_cppobj: false,
     is_vft: false,
     is_fixed: false,
     is_uknown_8: false,
     alignment: Some(8),
    )),
   ),
   sclass: None,
  ),
  (
   name: "Elf64_Rela",
   ordinal: 2,
   tinfo: (
    comment: None,
    is_const: false,
    is_volatile: false,
    type_variant: Struct((
     effective_alignment: None,
     members: [
      (
       name: Some("r_offset"),
       comment: None,
       member_type: (
        comment: None,
        is_const: false,
        is_volatile: false,
        type_variant: Basic(IntSized(
         bytes: 8,
         is_signed: Some(false),
        )),
       ),
       att: None,
       alignment: None,
       is_baseclass: false,
       is_unaligned: false,
       is_vft: false,
       is_method: false,
       is_unknown_8: false,
      ),
      (
       name: Some("r_info"),
       comment: None,
       member_type: (
        comment: None,
        is_const: false,
        is_volatile: false,
        type_variant: Basic(IntSized(
         bytes: 8,
         is_signed: Some(false),
        )),
       ),
       att: None,
       alignment: None,
       is_baseclass: false,
       is_unaligned: false,
       is_vft: false,
       is_method: false,
       is_unknown_8: false,
      ),
      (
       name: Some("r_addend"),
       comment: None,
       member_type: (
        comment: None,
        is_const: false,
        is_volatile: false,
        type_variant: Basic(IntSized(
         bytes: 8,
         is_signed: None,
        )),
       ),
       att: None,
       alignment: None,
       is_baseclass: false,
       is_unaligned: false,
       is_vft: false,
       is_method: false,
       is_unknown_8: false,
      ),
     ],
     extra_padding: None,
     is_unaligned: false,
     is_msstruct: false,
     is_cppobj: false,
     is_vft: false,
     is_fixed: false,
     is_uknown_8: false,
     alignment: None,
    )),
   ),
   sclass: None,
  ),
  (
   name: "Elf64_Dyn",
   ordinal: 3,
   tinfo: (
    comment: None,
    is_const: false,
    is_volatile: false,
    type_variant: Struct((
     effective_alignment: None,
     members: [
      (
       name: Some("d_tag"),
       comment: None,
       member_type: (
        comment: None,
        is_const: false,
        is_volatile: false,
        type_variant: Basic(IntSized(
         bytes: 8,
         is_signed: Some(false),
        )),
       ),
       att: None,
       alignment: None,
       is_baseclass: false,
       is_unaligned: false,
       is_vft: false,
       is_method: false,
       is_unknown_8: false,
      ),
      (
       name: Some("d_un"),
       comment: None,
       member_type: (
        comment: None,
        is_const: false,
        is_volatile: false,
        type_variant: Basic(IntSized(
         bytes: 8,
         is_signed: Some(false),
        )),
       ),
       att: None,
       alignment: None,
       is_baseclass: false,
       is_unaligned: false,
       is_vft: false,
       is_method: false,
       is_unknown_8: false,
      ),
     ],
     extra_padding: None,
     is_unaligned: false,
     is_msstruct: false,
     is_cppobj: false,
     is_vft: false,
     is_fixed: false,
     is_uknown_8: false,
     alignment: None,
    )),
   ),
   sclass: None,
  ),
  (
   name: "Elf64_Verneed",
   ordinal: 4,
   tinfo: (
    comment: None,
    is_const: false,
    is_volatile: false,
    type_variant: Struct((
     effective_alignment: None,
     members: [
      (
       name: Some("vn_version"),
       comment: None,
       member_type: (
        comment: None,
        is_const: false,
        is_volatile: false,
        type_variant: Basic(IntSized(
         bytes: 2,
         is_signed: Some(false),
        )),
       ),
       att: None,
       alignment: None,
       is_baseclass: false,
       is_unaligned: false,
       is_vft: false,
       is_method: false,
       is_unknown_8: false,
      ),
      (
       name: Some("vn_cnt"),
       comment: None,
       member_type: (
        comment: None,
        is_const: false,
        is_volatile: false,
        type_variant: Basic(IntSized(
         bytes: 2,
         is_signed: Some(false),
        )),
       ),
       att: None,
       alignment: None,
       is_baseclass: false,
       is_unaligned: false,
       is_vft: false,
       is_method: false,
       is_unknown_8: false,
      ),
      (
       name: Some("vn_file"),
       comment: None,
       member_type: (
        comment: None,
        is_const: false,
        is_volatile: false,
        type_variant: Basic(IntSized(
         bytes: 4,
         is_signed: Some(false),
        )),
       ),
       att: None,
       alignment: None,
       is_baseclass: false,
       is_unaligned: false,
       is_vft: false,
       is_method: false,
       is_unknown_8: false,
      ),
      (
       name: Some("vn_aux"),
       comment: None,
       member_type: (
        comment: None,
        is_const: false,
        is_volatile: false,
        type_variant: Basic(IntSized(
         bytes: 4,
         is_signed: Some(false),
        )),
       ),
       att: None,
       alignment: None,
       is_baseclass: false,
       is_unaligned: false,
       is_vft: false,
       is_method: false,
       is_unknown_8: false,
      ),
      (
       name: Some("vn_next"),
       comment: None,
       member_type: (
        comment: None,
        is_const: false,
        is_volatile: false,
        type_variant: Basic(IntSized(
         bytes: 4,
         is_signed: Some(false),
        )),
       ),
       att: None,
       alignment: None,
       is_baseclass: false,
       is_unaligned: false,
       is_vft: false,
       is_method: false,
       is_unknown_8: false,
      ),
     ],
     extra_padding: None,
     is_unaligned: false,
     is_msstruct: false,
     is_cppobj: false,
     is_vft: false,
     is_fixed: false,
     is_uknown_8: false,
     alignment: Some(4),
    )),
   ),
   sclass: None,
  ),
  (
   name: "Elf64_Vernaux",
   ordinal: 5,
   tinfo: (
    comment: None,
    is_const: false,
    is_volatile: false,
    type_variant: Struct((
     effective_alignment: None,
     members: [
      (
       name: Some("vna_hash"),
       comment: None,
       member_type: (
        comment: None,
        is_const: false,
        is_volatile: false,
        type_variant: Basic(IntSized(
         bytes: 4,
         is_signed: Some(false),
        )),
       ),
       att: None,
       alignment: None,
       is_baseclass: false,
       is_unaligned: false,
       is_vft: false,
       is_method: false,
       is_unknown_8: false,
      ),
      (
       name: Some("vna_flags"),
       comment: None,
       member_type: (
        comment: None,
        is_const: false,
        is_volatile: false,
        type_variant: Basic(IntSized(
         bytes: 2,
         is_signed: Some(false),
        )),
       ),
       att: None,
       alignment: None,
       is_baseclass: false,
       is_unaligned: false,
       is_vft: false,
       is_method: false,
       is_unknown_8: false,
      ),
      (
       name: Some("vna_other"),
       comment: None,
       member_type: (
        comment: None,
        is_const: false,
        is_volatile: false,
        type_variant: Basic(IntSized(
         bytes: 2,
         is_signed: Some(false),
        )),
       ),
       att: None,
       alignment: None,
       is_baseclass: false,
       is_unaligned: false,
       is_vft: false,
       is_method: false,
       is_unknown_8: false,
      ),
      (
       name: Some("vna_name"),
       comment: None,
       member_type: (
        comment: None,
        is_const: false,
        is_volatile: false,
        type_variant: Basic(IntSized(
         bytes: 4,
         is_signed: Some(false),
        )),
       ),
       att: None,
       alignment: None,
       is_baseclass: false,
       is_unaligned: false,
       is_vft: false,
       is_method: false,
       is_unknown_8: false,
      ),
      (
       name: Some("vna_next"),
       comment: None,
       member_type: (
        comment: None,
        is_const: false,
        is_volatile: false,
        type_variant: Basic(IntSized(
         bytes: 4,
         is_signed: Some(false),
        )),
       ),
       att: None,
       alignment: None,
       is_baseclass: false,
       is_unaligned: false,
       is_vft: false,
       is_method: false,
       is_unknown_8: false,
      ),
     ],
     extra_padding: None,
     is_unaligned: false,
     is_msstruct: false,
     is_cppobj: false,
     is_vft: false,
     is_fixed: false,
     is_uknown_8: false,
     alignment: Some(4),
    )),
   ),
   sclass: None,
  ),
  (
   name: "__va_list_tag",
   ordinal: 6,
   tinfo: (
    comment: None,
    is_const: false,
    is_volatile: false,
    type_variant: Struct((
     effective_alignment: None,
     members: [
      (
       name: Some("gp_offset"),
       comment: None,
       member_type: (
        comment: None,
        is_const: false,
        is_volatile: false,
        type_variant: Basic(Int(
         is_signed: Some(false),
        )),
       ),
       att: None,
       alignment: None,
       is_baseclass: false,
       is_unaligned: false,
       is_vft: false,
       is_method: false,
       is_unknown_8: false,
      ),
      (
       name: Some("fp_offset"),
       comment: None,
       member_type: (
        comment: None,
        is_const: false,
        is_volatile: false,
        type_variant: Basic(Int(
         is_signed: Some(false),
        )),
       ),
       att: None,
       alignment: None,
       is_baseclass: false,
       is_unaligned: false,
       is_vft: false,
       is_method: false,
       is_unknown_8: false,
      ),
      (
       name: Some("overflow_arg_area"),
       comment: None,
       member_type: (
        comment: None,
        is_const: false,
        is_volatile: false,
        type_variant: Pointer((
         closure: Default,
         modifier: None,
         shifted: None,
         typ: (
          comment: None,
          is_const: false,
          is_volatile: false,
          type_variant: Basic(Void),
         ),
        )),
       ),
       att: None,
       alignment: None,
       is_baseclass: false,
       is_unaligned: false,
       is_vft: false,
       is_method: false,
       is_unknown_8: false,
      ),
      (
       name: Some("reg_save_area"),
       comment: None,
       member_type: (
        comment: None,
        is_const: false,
        is_volatile: false,
        type_variant: Pointer((
         closure: Default,
         modifier: None,
         shifted: None,
         typ: (
          comment: None,
          is_const: false,
          is_volatile: false,
          type_variant: Basic(Void),
         ),
        )),
       ),
       att: None,
       alignment: None,
       is_baseclass: false,
       is_unaligned: false,
       is_vft: false,
       is_method: false,
       is_unknown_8: false,
      ),
     ],
     extra_padding: None,
     is_unaligned: false,
     is_msstruct: false,
     is_cppobj: false,
     is_vft: false,
     is_fixed: false,
     is_uknown_8: false,
     alignment: None,
    )),
   ),
   sclass: None,
  ),
  (
   name: "gcc_va_list",
   ordinal: 7,
   tinfo: (
    comment: None,
    is_const: false,
    is_volatile: false,
    type_variant: Array((
     alignment: None,
     base: 0,
     nelem: Some(1),
     elem_type: (
      comment: None,
      is_const: false,
      is_volatile: false,
      type_variant: Typeref((
       ref_type: None,
       typeref_value: Ref(5),
      )),
     ),
    )),
   ),
   sclass: None,
  ),
  (
   name: "__m64",
   ordinal: 8,
   tinfo: (
    comment: None,
    is_const: false,
    is_volatile: false,
    type_variant: Union((
     effective_alignment: None,
     alignment: Some(8),
     members: [
      (
       name: Some("m64_u64"),
       comment: None,
       ty: (
        comment: None,
        is_const: false,
        is_volatile: false,
        type_variant: Basic(IntSized(
         bytes: 8,
         is_signed: Some(false),
        )),
       ),
      ),
      (
       name: Some("m64_f32"),
       comment: None,
       ty: (
        comment: None,
        is_const: false,
        is_volatile: false,
        type_variant: Array((
         alignment: None,
         base: 0,
         nelem: Some(2),
         elem_type: (
          comment: None,
          is_const: false,
          is_volatile: false,
          type_variant: Basic(Float(
           bytes: 4,
          )),
         ),
        )),
       ),
      ),
      (
       name: Some("m64_i8"),
       comment: None,
       ty: (
        comment: None,
        is_const: false,
        is_volatile: false,
        type_variant: Array((
         alignment: None,
         base: 0,
         nelem: Some(8),
         elem_type: (
          comment: None,
          is_const: false,
          is_volatile: false,
          type_variant: Basic(IntSized(
           bytes: 1,
           is_signed: None,
          )),
         ),
        )),
       ),
      ),
      (
       name: Some("m64_i16"),
       comment: None,
       ty: (
        comment: None,
        is_const: false,
        is_volatile: false,
        type_variant: Array((
         alignment: None,
         base: 0,
         nelem: Some(4),
         elem_type: (
          comment: None,
          is_const: false,
          is_volatile: false,
          type_variant: Basic(IntSized(
           bytes: 2,
           is_signed: None,
          )),
         ),
        )),
       ),
      ),
      (
       name: Some("m64_i32"),
       comment: None,
       ty: (
        comment: None,
        is_const: false,
        is_volatile: false,
        type_variant: Array((
         alignment: None,
         base: 0,
         nelem: Some(2),
         elem_type: (
          comment: None,
          is_const: false,
          is_volatile: false,
          type_variant: Basic(IntSized(
           bytes: 4,
           is_signed: None,
          )),
         ),
        )),
       ),
      ),
      (
       name: Some("m64_i64"),
       comment: None,
       ty: (
        comment: None,
        is_const: false,
        is_volatile: false,
        type_variant: Basic(IntSized(
         bytes: 8,
         is_signed: None,
        )),
       ),
      ),
      (
       name: Some("m64_u8"),
       comment: None,
       ty: (
        comment: None,
        is_const: false,
        is_volatile: false,
        type_variant: Array((
         alignment: None,
         base: 0,
         nelem: Some(8),
         elem_type: (
          comment: None,
          is_const: false,
          is_volatile: false,
          type_variant: Basic(IntSized(
           bytes: 1,
           is_signed: Some(false),
          )),
         ),
        )),
       ),
      ),
      (
       name: Some("m64_u16"),
       comment: None,
       ty: (
        comment: None,
        is_const: false,
        is_volatile: false,
        type_variant: Array((
         alignment: None,
         base: 0,
         nelem: Some(4),
         elem_type: (
          comment: None,
          is_const: false,
          is_volatile: false,
          type_variant: Basic(IntSized(
           bytes: 2,
           is_signed: Some(false),
          )),
         ),
        )),
       ),
      ),
      (
       name: Some("m64_u32"),
       comment: None,
       ty: (
        comment: None,
        is_const: false,
        is_volatile: false,
        type_variant: Array((
         alignment: None,
         base: 0,
         nelem: Some(2),
         elem_type: (
          comment: None,
          is_const: false,
          is_volatile: false,
          type_variant: Basic(IntSized(
           bytes: 4,
           is_signed: Some(false),
          )),
         ),
        )),
       ),
      ),
     ],
     is_unaligned: false,
     is_unknown_8: false,
    )),
   ),
   sclass: None,
  ),
  (
   name: "__m128",
   ordinal: 9,
   tinfo: (
    comment: None,
    is_const: false,
    is_volatile: false,
    type_variant: Union((
     effective_alignment: None,
     alignment: Some(16),
     members: [
      (
       name: Some("m128_f32"),
       comment: None,
       ty: (
        comment: None,
        is_const: false,
        is_volatile: false,
        type_variant: Array((
         alignment: None,
         base: 0,
         nelem: Some(4),
         elem_type: (
          comment: None,
          is_const: false,
          is_volatile: false,
          type_variant: Basic(Float(
           bytes: 4,
          )),
         ),
        )),
       ),
      ),
      (
       name: Some("m128_u64"),
       comment: None,
       ty: (
        comment: None,
        is_const: false,
        is_volatile: false,
        type_variant: Array((
         alignment: None,
         base: 0,
         nelem: Some(2),
         elem_type: (
          comment: None,
          is_const: false,
          is_volatile: false,
          type_variant: Basic(IntSized(
           bytes: 8,
           is_signed: Some(false),
          )),
         ),
        )),
       ),
      ),
      (
       name: Some("m128_i8"),
       comment: None,
       ty: (
        comment: None,
        is_const: false,
        is_volatile: false,
        type_variant: Array((
         alignment: None,
         base: 0,
         nelem: Some(16),
         elem_type: (
          comment: None,
          is_const: false,
          is_volatile: false,
          type_variant: Basic(IntSized(
           bytes: 1,
           is_signed: None,
          )),
         ),
        )),
       ),
      ),
      (
       name: Some("m128_i16"),
       comment: None,
       ty: (
        comment: None,
        is_const: false,
        is_volatile: false,
        type_variant: Array((
         alignment: None,
         base: 0,
         nelem: Some(8),
         elem_type: (
          comment: None,
          is_const: false,
          is_volatile: false,
          type_variant: Basic(IntSized(
           bytes: 2,
           is_signed: None,
          )),
         ),
        )),
       ),
      ),
      (
       name: Some("m128_i32"),
       comment: None,
       ty: (
        comment: None,
        is_const: false,
        is_volatile: false,
        type_variant: Array((
         alignment: None,
         base: 0,
         nelem: Some(4),
         elem_type: (
          comment: None,
          is_const: false,
          is_volatile: false,
          type_variant: Basic(IntSized(
           bytes: 4,
           is_signed: None,
          )),
         ),
        )),
       ),
      ),
      (
       name: Some("m128_i64"),
       comment: None,
       ty: (
        comment: None,
        is_const: false,
        is_volatile: false,
        type_variant: Array((
         alignment: None,
         base: 0,
         nelem: Some(2),
         elem_type: (
          comment: None,
          is_const: false,
          is_volatile: false,
          type_variant: Basic(IntSized(
           bytes: 8,
           is_signed: None,
          )),
         ),
        )),
       ),
      ),
      (
       name: Some("m128_u8"),
       comment: None,
       ty: (
        comment: None,
        is_const: false,
        is_volatile: false,
        type_variant: Array((
         alignment: None,
         base: 0,
         nelem: Some(16),
         elem_type: (
          comment: None,
          is_const: false,
          is_volatile: false,
          type_variant: Basic(IntSized(
           bytes: 1,
           is_signed: Some(false),
          )),
         ),
        )),
       ),
      ),
      (
       name: Some("m128_u16"),
       comment: None,
       ty: (
        comment: None,
        is_const: false,
        is_volatile: false,
        type_variant: Array((
         alignment: None,
         base: 0,
         nelem: Some(8),
         elem_type: (
          comment: None,
          is_const: false,
          is_volatile: false,
          type_variant: Basic(IntSized(
           bytes: 2,
           is_signed: Some(false),
          )),
         ),
        )),
       ),
      ),
      (
       name: Some("m128_u32"),
       comment: None,
       ty: (
        comment: None,
        is_const: false,
        is_volatile: false,
        type_variant: Array((
         alignment: None,
         base: 0,
         nelem: Some(4),
         elem_type: (
          comment: None,
          is_const: false,
          is_volatile: false,
          type_variant: Basic(IntSized(
           bytes: 4,
           is_signed: Some(false),
          )),
         ),
        )),
       ),
      ),
     ],
     is_unaligned: false,
     is_unknown_8: false,
    )),
   ),
   sclass: None,
  ),
  (
   name: "__m128d",
   ordinal: 10,
   tinfo: (
    comment: None,
    is_const: false,
    is_volatile: false,
    type_variant: Struct((
     effective_alignment: None,
     members: [
      (
       name: Some("m128d_f64"),
       comment: None,
       member_type: (
        comment: None,
        is_const: false,
        is_volatile: false,
        type_variant: Array((
         alignment: None,
         base: 0,
         nelem: Some(2),
         elem_type: (
          comment: None,
          is_const: false,
          is_volatile: false,
          type_variant: Basic(Float(
           bytes: 8,
          )),
         ),
        )),
       ),
       att: None,
       alignment: None,
       is_baseclass: false,
       is_unaligned: false,
       is_vft: false,
       is_method: false,
       is_unknown_8: false,
      ),
     ],
     extra_padding: None,
     is_unaligned: false,
     is_msstruct: false,
     is_cppobj: false,
     is_vft: false,
     is_fixed: false,
     is_uknown_8: false,
     alignment: None,
    )),
   ),
   sclass: None,
  ),
  (
   name: "__m128i",
   ordinal: 11,
   tinfo: (
    comment: None,
    is_const: false,
    is_volatile: false,
    type_variant: Union((
     effective_alignment: None,
     alignment: Some(16),
     members: [
      (
       name: Some("m128i_i8"),
       comment: None,
       ty: (
        comment: None,
        is_const: false,
        is_volatile: false,
        type_variant: Array((
         alignment: None,
         base: 0,
         nelem: Some(16),
         elem_type: (
          comment: None,
          is_const: false,
          is_volatile: false,
          type_variant: Basic(IntSized(
           bytes: 1,
           is_signed: None,
          )),
         ),
        )),
       ),
      ),
      (
       name: Some("m128i_i16"),
       comment: None,
       ty: (
        comment: None,
        is_const: false,
        is_volatile: false,
        type_variant: Array((
         alignment: None,
         base: 0,
         nelem: Some(8),
         elem_type: (
          comment: None,
          is_const: false,
          is_volatile: false,
          type_variant: Basic(IntSized(
           bytes: 2,
           is_signed: None,
          )),
         ),
        )),
       ),
      ),
      (
       name: Some("m128i_i32"),
       comment: None,
       ty: (
        comment: None,
        is_const: false,
        is_volatile: false,
        type_variant: Array((
         alignment: None,
         base: 0,
         nelem: Some(4),
         elem_type: (
          comment: None,
          is_const: false,
          is_volatile: false,
          type_variant: Basic(IntSized(
           bytes: 4,
           is_signed: None,
          )),
         ),
        )),
       ),
      ),
      (
       name: Some("m128i_i64"),
       comment: None,
       ty: (
        comment: None,
        is_const: false,
        is_volatile: false,
        type_variant: Array((
         alignment: None,
         base: 0,
         nelem: Some(2),
         elem_type: (
          comment: None,
          is_const: false,
          is_volatile: false,
          type_variant: Basic(IntSized(
           bytes: 8,
           is_signed: None,
          )),
         ),
        )),
       ),
      ),
      (
       name: Some("m128i_u8"),
       comment: None,
       ty: (
        comment: None,
        is_const: false,
        is_volatile: false,
        type_variant: Array((
         alignment: None,
         base: 0,
         nelem: Some(16),
         elem_type: (
          comment: None,
          is_const: false,
          is_volatile: false,
          type_variant: Basic(IntSized(
           bytes: 1,
           is_signed: Some(false),
          )),
         ),
        )),
       ),
      ),
      (
       name: Some("m128i_u16"),
       comment: None,
       ty: (
        comment: None,
        is_const: false,
        is_volatile: false,
        type_variant: Array((
         alignment: None,
         base: 0,
         nelem: Some(8),
         elem_type: (
          comment: None,
          is_const: false,
          is_volatile: false,
          type_variant: Basic(IntSized(
           bytes: 2,
           is_signed: Some(false),
          )),
         ),
        )),
       ),
      ),
      (
       name: Some("m128i_u32"),
       comment: None,
       ty: (
        comment: None,
        is_const: false,
        is_volatile: false,
        type_variant: Array((
         alignment: None,
         base: 0,
         nelem: Some(4),
         elem_type: (
          comment: None,
          is_const: false,
          is_volatile: false,
          type_variant: Basic(IntSized(
           bytes: 4,
           is_signed: Some(false),
          )),
         ),
        )),
       ),
      ),
      (
       name: Some("m128i_u64"),
       comment: None,
       ty: (
        comment: None,
        is_const: false,
        is_volatile: false,
        type_variant: Array((
         alignment: None,
         base: 0,
         nelem: Some(2),
         elem_type: (
          comment: None,
          is_const: false,
          is_volatile: false,
          type_variant: Basic(IntSized(
           bytes: 8,
           is_signed: Some(false),
          )),
         ),
        )),
       ),
      ),
     ],
     is_unaligned: false,
     is_unknown_8: false,
    )),
   ),
   sclass: None,
  ),
  (
   name: "__m256",
   ordinal: 12,
   tinfo: (
    comment: None,
    is_const: false,
    is_volatile: false,
    type_variant: Union((
     effective_alignment: None,
     alignment: Some(32),
     members: [
      (
       name: Some("m256_f32"),
       comment: None,
       ty: (
        comment: None,
        is_const: false,
        is_volatile: false,
        type_variant: Array((
         alignment: None,
         base: 0,
         nelem: Some(8),
         elem_type: (
          comment: None,
          is_const: false,
          is_volatile: false,
          type_variant: Basic(Float(
           bytes: 4,
          )),
         ),
        )),
       ),
      ),
     ],
     is_unaligned: false,
     is_unknown_8: false,
    )),
   ),
   sclass: None,
  ),
  (
   name: "__m256d",
   ordinal: 13,
   tinfo: (
    comment: None,
    is_const: false,
    is_volatile: false,
    type_variant: Union((
     effective_alignment: None,
     alignment: Some(32),
     members: [
      (
       name: Some("m256d_f64"),
       comment: None,
       ty: (
        comment: None,
        is_const: false,
        is_volatile: false,
        type_variant: Array((
         alignment: None,
         base: 0,
         nelem: Some(4),
         elem_type: (
          comment: None,
          is_const: false,
          is_volatile: false,
          type_variant: Basic(Float(
           bytes: 8,
          )),
         ),
        )),
       ),
      ),
     ],
     is_unaligned: false,
     is_unknown_8: false,
    )),
   ),
   sclass: None,
  ),
  (
   name: "__m256i",
   ordinal: 14,
   tinfo: (
    comment: None,
    is_const: false,
    is_volatile: false,
    type_variant: Union((
     effective_alignment: None,
     alignment: Some(32),
     members: [
      (
       name: Some("m256i_i8"),
       comment: None,
       ty: (
        comment: None,
        is_const: false,
        is_volatile: false,
        type_variant: Array((
         alignment: None,
         base: 0,
         nelem: Some(32),
         elem_type: (
          comment: None,
          is_const: false,
          is_volatile: false,
          type_variant: Basic(IntSized(
           bytes: 1,
           is_signed: None,
          )),
         ),
        )),
       ),
      ),
      (
       name: Some("m256i_i16"),
       comment: None,
       ty: (
        comment: None,
        is_const: false,
        is_volatile: false,
        type_variant: Array((
         alignment: None,
         base: 0,
         nelem: Some(16),
         elem_type: (
          comment: None,
          is_const: false,
          is_volatile: false,
          type_variant: Basic(IntSized(
           bytes: 2,
           is_signed: None,
          )),
         ),
        )),
       ),
      ),
      (
       name: Some("m256i_i32"),
       comment: None,
       ty: (
        comment: None,
        is_const: false,
        is_volatile: false,
        type_variant: Array((
         alignment: None,
         base: 0,
         nelem: Some(8),
         elem_type: (
          comment: None,
          is_const: false,
          is_volatile: false,
          type_variant: Basic(IntSized(
           bytes: 4,
           is_signed: None,
          )),
         ),
        )),
       ),
      ),
      (
       name: Some("m256i_i64"),
       comment: None,
       ty: (
        comment: None,
        is_const: false,
        is_volatile: false,
        type_variant: Array((
         alignment: None,
         base: 0,
         nelem: Some(4),
         elem_type: (
          comment: None,
          is_const: false,
          is_volatile: false,
          type_variant: Basic(IntSized(
           bytes: 8,
           is_signed: None,
          )),
         ),
        )),
       ),
      ),
      (
       name: Some("m256i_u8"),
       comment: None,
       ty: (
        comment: None,
        is_const: false,
        is_volatile: false,
        type_variant: Array((
         alignment: None,
         base: 0,
         nelem: Some(32),
         elem_type: (
          comment: None,
          is_const: false,
          is_volatile: false,
          type_variant: Basic(IntSized(
           bytes: 1,
           is_signed: Some(false),
          )),
         ),
        )),
       ),
      ),
      (
       name: Some("m256i_u16"),
       comment: None,
       ty: (
        comment: None,
        is_const: false,
        is_volatile: false,
        type_variant: Array((
         alignment: None,
         base: 0,
         nelem: Some(16),
         elem_type: (
          comment: None,
          is_const: false,
          is_volatile: false,
          type_variant: Basic(IntSized(
           bytes: 2,
           is_signed: Some(false),
          )),
         ),
        )),
       ),
      ),
      (
       name: Some("m256i_u32"),
       comment: None,
       ty: (
        comment: None,
        is_const: false,
        is_volatile: false,
        type_variant: Array((
         alignment: None,
         base: 0,
         nelem: Some(8),
         elem_type: (
          comment: None,
          is_const: false,
          is_volatile: false,
          type_variant: Basic(IntSized(
           bytes: 4,
           is_signed: Some(false),
          )),
         ),
        )),
       ),
      ),
      (
       name: Some("m256i_u64"),
       comment: None,
       ty: (
        comment: None,
        is_const: false,
        is_volatile: false,
        type_variant: Array((
         alignment: None,
         base: 0,
         nelem: Some(4),
         elem_type: (
          comment: None,
          is_const: false,
          is_volatile: false,
          type_variant: Basic(IntSized(
           bytes: 8,
           is_signed: Some(false),
          )),
         ),
        )),
       ),
      ),
     ],
     is_unaligned: false,
     is_unknown_8: false,
    )),
   ),
   sclass: None,
  ),
  (
   name: "__m512",
   ordinal: 15,
   tinfo: (
    comment: None,
    is_const: false,
    is_volatile: false,
    type_variant: Union((
     effective_alignment: None,
     alignment: Some(64),
     members: [
      (
       name: Some("m512_f32"),
       comment: None,
       ty: (
        comment: None,
        is_const: false,
        is_volatile: false,
        type_variant: Array((
         alignment: None,
         base: 0,
         nelem: Some(16),
         elem_type: (
          comment: None,
          is_const: false,
          is_volatile: false,
          type_variant: Basic(Float(
           bytes: 4,
          )),
         ),
        )),
       ),
      ),
     ],
     is_unaligned: false,
     is_unknown_8: false,
    )),
   ),
   sclass: None,
  ),
  (
   name: "__m512d",
   ordinal: 16,
   tinfo: (
    comment: None,
    is_const: false,
    is_volatile: false,
    type_variant: Union((
     effective_alignment: None,
     alignment: Some(64),
     members: [
      (
       name: Some("m512d_f64"),
       comment: None,
       ty: (
        comment: None,
        is_const: false,
        is_volatile: false,
        type_variant: Array((
         alignment: None,
         base: 0,
         nelem: Some(8),
         elem_type: (
          comment: None,
          is_const: false,
          is_volatile: false,
          type_variant: Basic(Float(
           bytes: 8,
          )),
         ),
        )),
       ),
      ),
     ],
     is_unaligned: false,
     is_unknown_8: false,
    )),
   ),
   sclass: None,
  ),
  (
   name: "__m512i",
   ordinal: 17,
   tinfo: (
    comment: None,
    is_const: false,
    is_volatile: false,
    type_variant: Union((
     effective_alignment: None,
     alignment: Some(64),
     members: [
      (
       name: Some("m512i_i8"),
       comment: None,
       ty: (
        comment: None,
        is_const: false,
        is_volatile: false,
        type_variant: Array((
         alignment: None,
         base: 0,
         nelem: Some(64),
         elem_type: (
          comment: None,
          is_const: false,
          is_volatile: false,
          type_variant: Basic(IntSized(
           bytes: 1,
           is_signed: None,
          )),
         ),
        )),
       ),
      ),
      (
       name: Some("m512i_i16"),
       comment: None,
       ty: (
        comment: None,
        is_const: false,
        is_volatile: false,
        type_variant: Array((
         alignment: None,
         base: 0,
         nelem: Some(32),
         elem_type: (
          comment: None,
          is_const: false,
          is_volatile: false,
          type_variant: Basic(IntSized(
           bytes: 2,
           is_signed: None,
          )),
         ),
        )),
       ),
      ),
      (
       name: Some("m512i_i32"),
       comment: None,
       ty: (
        comment: None,
        is_const: false,
        is_volatile: false,
        type_variant: Array((
         alignment: None,
         base: 0,
         nelem: Some(16),
         elem_type: (
          comment: None,
          is_const: false,
          is_volatile: false,
          type_variant: Basic(IntSized(
           bytes: 4,
           is_signed: None,
          )),
         ),
        )),
       ),
      ),
      (
       name: Some("m512i_i64"),
       comment: None,
       ty: (
        comment: None,
        is_const: false,
        is_volatile: false,
        type_variant: Array((
         alignment: None,
         base: 0,
         nelem: Some(8),
         elem_type: (
          comment: None,
          is_const: false,
          is_volatile: false,
          type_variant: Basic(IntSized(
           bytes: 8,
           is_signed: None,
          )),
         ),
        )),
       ),
      ),
      (
       name: Some("m512i_u8"),
       comment: None,
       ty: (
        comment: None,
        is_const: false,
        is_volatile: false,
        type_variant: Array((
         alignment: None,
         base: 0,
         nelem: Some(64),
         elem_type: (
          comment: None,
          is_const: false,
          is_volatile: false,
          type_variant: Basic(IntSized(
           bytes: 1,
           is_signed: Some(false),
          )),
         ),
        )),
       ),
      ),
      (
       name: Some("m512i_u16"),
       comment: None,
       ty: (
        comment: None,
        is_const: false,
        is_volatile: false,
        type_variant: Array((
         alignment: None,
         base: 0,
         nelem: Some(32),
         elem_type: (
          comment: None,
          is_const: false,
          is_volatile: false,
          type_variant: Basic(IntSized(
           bytes: 2,
           is_signed: Some(false),
          )),
         ),
        )),
       ),
      ),
      (
       name: Some("m512i_u32"),
       comment: None,
       ty: (
        comment: None,
        is_const: false,
        is_volatile: false,
        type_variant: Array((
         alignment: None,
         base: 0,
         nelem: Some(16),
         elem_type: (
          comment: None,
          is_const: false,
          is_volatile: false,
          type_variant: Basic(IntSized(
           bytes: 4,
           is_signed: Some(false),
          )),
         ),
        )),
       ),
      ),
      (
       name: Some("m512i_u64"),
       comment: None,
       ty: (
        comment: None,
        is_const: false,
        is_volatile: false,
        type_variant: Array((
         alignment: None,
         base: 0,
         nelem: Some(8),
         elem_type: (
          comment: None,
          is_const: false,
          is_volatile: false,
          type_variant: Basic(IntSized(
           bytes: 8,
           is_signed: Some(false),
          )),
         ),
        )),
       ),
      ),
     ],
     is_unaligned: false,
     is_unknown_8: false,
    )),
   ),
   sclass: None,
  ),
  (
   name: "BIGNUM",
   ordinal: 18,
   tinfo: (
    comment: None,
    is_const: false,
    is_volatile: false,
    type_variant: Pointer((
     closure: Default,
     modifier: None,
     shifted: None,
     typ: (
      comment: None,
      is_const: false,
      is_volatile: false,
      type_variant: Basic(Void),
     ),
    )),
   ),
   sclass: None,
  ),
  (
   name: "RSA",
   ordinal: 19,
   tinfo: (
    comment: None,
    is_const: false,
    is_volatile: false,
    type_variant: Pointer((
     closure: Default,
     modifier: None,
     shifted: None,
     typ: (
      comment: None,
      is_const: false,
      is_volatile: false,
      type_variant: Basic(Void),
     ),
    )),
   ),
   sclass: None,
  ),
  (
   name: "RSA_PADDING",
   ordinal: 20,
   tinfo: (
    comment: None,
    is_const: false,
    is_volatile: false,
    type_variant: Enum((
     is_signed: false,
     is_unsigned: false,
     is_64: false,
     output_format: Hex,
     members: Regular([
      (
       name: Some("RSA_PKCS1_PADDING"),
       comment: None,
       value: 1,
      ),
      (
       name: Some("RSA_NO_PADDING"),
       comment: None,
       value: 3,
      ),
      (
       name: Some("RSA_PKCS1_OAEP_PADDING"),
       comment: None,
       value: 4,
      ),
      (
       name: Some("RSA_X931_PADDING"),
       comment: None,
       value: 5,
      ),
     ]),
     storage_size: None,
    )),
   ),
   sclass: None,
  ),
  (
   name: "AES_KEY",
   ordinal: 23,
   tinfo: (
    comment: None,
    is_const: false,
    is_volatile: false,
    type_variant: Typeref((
     ref_type: Some(Struct),
     typeref_value: Ref(21),
    )),
   ),
   sclass: None,
  ),
  (
   name: "aes_key_st",
   ordinal: 22,
   tinfo: (
    comment: None,
    is_const: false,
    is_volatile: false,
    type_variant: Struct((
     effective_alignment: None,
     members: [
      (
       name: Some("rd_key"),
       comment: Some(Unknown5(3)),
       member_type: (
        comment: None,
        is_const: false,
        is_volatile: false,
        type_variant: Array((
         alignment: None,
         base: 0,
         nelem: Some(60),
         elem_type: (
          comment: None,
          is_const: false,
          is_volatile: false,
          type_variant: Basic(Int(
           is_signed: Some(false),
          )),
         ),
        )),
       ),
       att: None,
       alignment: None,
       is_baseclass: false,
       is_unaligned: false,
       is_vft: false,
       is_method: false,
       is_unknown_8: false,
      ),
      (
       name: Some("rounds"),
       comment: Some(Unknown5(4)),
       member_type: (
        comment: None,
        is_const: false,
        is_volatile: false,
        type_variant: Basic(Int(
         is_signed: None,
        )),
       ),
       att: None,
       alignment: None,
       is_baseclass: false,
       is_unaligned: false,
       is_vft: false,
       is_method: false,
       is_unknown_8: false,
      ),
     ],
     extra_padding: None,
     is_unaligned: false,
     is_msstruct: false,
     is_cppobj: false,
     is_vft: false,
     is_fixed: false,
     is_uknown_8: false,
     alignment: None,
    )),
   ),
   sclass: None,
  ),
  (
   name: "userinput_t",
   ordinal: 24,
   tinfo: (
    comment: None,
    is_const: false,
    is_volatile: false,
    type_variant: Struct((
     effective_alignment: None,
     members: [
      (
       name: Some("part1"),
       comment: None,
       member_type: (
        comment: None,
        is_const: false,
        is_volatile: false,
        type_variant: Array((
         alignment: None,
         base: 0,
         nelem: Some(10),
         elem_type: (
          comment: None,
          is_const: false,
          is_volatile: false,
          type_variant: Basic(Char),
         ),
        )),
       ),
       att: None,
       alignment: None,
       is_baseclass: false,
       is_unaligned: false,
       is_vft: false,
       is_method: false,
       is_unknown_8: false,
      ),
      (
       name: Some("part2"),
       comment: None,
       member_type: (
        comment: None,
        is_const: false,
        is_volatile: false,
        type_variant: Array((
         alignment: None,
         base: 0,
         nelem: Some(246),
         elem_type: (
          comment: None,
          is_const: false,
          is_volatile: false,
          type_variant: Basic(Char),
         ),
        )),
       ),
       att: None,
       alignment: None,
       is_baseclass: false,
       is_unaligned: false,
       is_vft: false,
       is_method: false,
       is_unknown_8: false,
      ),
     ],
     extra_padding: None,
     is_unaligned: false,
     is_msstruct: false,
     is_cppobj: false,
     is_vft: false,
     is_fixed: false,
     is_uknown_8: false,
     alignment: None,
    )),
   ),
   sclass: None,
  ),
 ],
 macros: Some([]),
))