---
hash: F6FDB54984D41D3B
source: src/test.rs
expression: segments
---
[
 (
  address: (
   start: (1754271744),
   end: (1755164672),
  ),
  name: (68),
  class_id: (69),
  orgbase: 0,
  flags: (16),
  align: RelPara,
  comb: Pub,
  perm: Some((5)),
  bitness: S32Bits,
  seg_type: Code,
  selector: 1,
  defsr: (Some(0), Some(0), Some(0), Some(2), None, None, Some(0), Some(0), Some(0), Some(0), Some(0), Some(0), Some(0), Some(0), Some(0), Some(0)),
  color: 0,
 ),
 (
  address: (
   start: (1755164672),
   end: (1755172864),
  ),
  name: (70),
  class_id: (71),
  orgbase: 0,
  flags: (16),
  align: RelPara,
  comb: Pub,
  perm: Some((6)),
  bitness: S32Bits,
  seg_type: Data,
  selector: 2,
  defsr: (Some(0), Some(0), Some(0), Some(2), None, None, Some(0), Some(0), Some(0), Some(0), Some(0), Some(0), Some(0), Some(0), Some(0), Some(0)),
  color: 0,
 ),
 (
  address: (
   start: (1755172864),
   end: (1755177520),
  ),
  name: (72),
  class_id: (71),
  orgbase: 0,
  flags: (16),
  align: RelPara,
  comb: Pub,
  perm: Some((4)),
  bitness: S32Bits,
  seg_type: Xtrn,
  selector: 3,
  defsr: (Some(0), Some(0), Some(0), Some(2), None, None, Some(0), Some(0), Some(0), Some(0), Some(0), Some(0), Some(0), Some(0), Some(0), Some(0)),
  color: 0,
 ),
]