---
hash: 09A5C2C835A31294
source: src/test.rs
expression: fchunks
---
[
 ((
  address: (
   start: (4096),
   end: (4123),
  ),
  flags: (21504),
  extra: NonTail((
   frame: 120,
   frsize: 8,
   frregs: 0,
   argsize: 0,
   pntqty: 2,
   llabelqty: 0,
   regvarqty: 0,
   regargqty: 0,
   color: None,
   tailqty: 0,
   fpd: 0,
  )),
 ), Some(([], (
  ty: None,
 )))),
 ((
  address: (
   start: (4128),
   end: (4141),
  ),
  flags: (5120),
  extra: NonTail((
   frame: 72057594037927935,
   frsize: 0,
   frregs: 0,
   argsize: 0,
   pntqty: 1,
   llabelqty: 0,
   regvarqty: 0,
   regargqty: 0,
   color: None,
   tailqty: 0,
   fpd: 0,
  )),
 ), Some(([], (
  ty: None,
 )))),
 ((
  address: (
   start: (4144),
   end: (4159),
  ),
  flags: (5184),
  extra: NonTail((
   frame: 72057594037927935,
   frsize: 0,
   frregs: 0,
   argsize: 0,
   pntqty: 1,
   llabelqty: 0,
   regvarqty: 0,
   regargqty: 0,
   color: None,
   tailqty: 0,
   fpd: 0,
  )),
 ), Some(([], (
  ty: None,
 )))),
 ((
  address: (
   start: (4160),
   end: (4175),
  ),
  flags: (5184),
  extra: NonTail((
   frame: 72057594037927935,
   frsize: 0,
   frregs: 0,
   argsize: 0,
   pntqty: 1,
   llabelqty: 0,
   regvarqty: 0,
   regargqty: 0,
   color: None,
   tailqty: 0,
   fpd: 0,
  )),
 ), Some(([], (
  ty: None,
 )))),
 ((
  address: (
   start: (4176),
   end: (4191),
  ),
  flags: (5184),
  extra: NonTail((
   frame: 72057594037927935,
   frsize: 0,
   frregs: 0,
   argsize: 0,
   pntqty: 1,
   llabelqty: 0,
   regvarqty: 0,
   regargqty: 0,
   color: None,
   tailqty: 0,
   fpd: 0,
  )),
 ), Some(([], (
  ty: None,
 )))),
 ((
  address: (
   start: (4192),
   end: (4207),
  ),
  flags: (5184),
  extra: NonTail((
   frame: 72057594037927935,
   frsize: 0,
   frregs: 0,
   argsize: 0,
   pntqty: 1,
   llabelqty: 0,
   regvarqty: 0,
   regargqty: 0,
   color: None,
   tailqty: 0,
   fpd: 0,
  )),
 ), Some(([], (
  ty: None,
 )))),
 ((
  address: (
   start: (4208),
   end: (4223),
  ),
  flags: (5184),
  extra: NonTail((
   frame: 72057594037927935,
   frsize: 0,
   frregs: 0,
   argsize: 0,
   pntqty: 1,
   llabelqty: 0,
   regvarqty: 0,
   regargqty: 0,
   color: None,
   tailqty: 0,
   fpd: 0,
  )),
 ), Some(([], (
  ty: None,
 )))),
 ((
  address: (
   start: (4224),
   end: (4239),
  ),
  flags: (5184),
  extra: NonTail((
   frame: 72057594037927935,
   frsize: 0,
   frregs: 0,
   argsize: 0,
   pntqty: 1,
   llabelqty: 0,
   regvarqty: 0,
   regargqty: 0,
   color: None,
   tailqty: 0,
   fpd: 0,
  )),
 ), Some(([], (
  ty: None,
 )))),
 ((
  address: (
   start: (4240),
   end: (4255),
  ),
  flags: (5184),
  extra: NonTail((
   frame: 72057594037927935,
   frsize: 0,
   frregs: 0,
   argsize: 0,
   pntqty: 1,
   llabelqty: 0,
   regvarqty: 0,
   regargqty: 0,
   color: None,
   tailqty: 0,
   fpd: 0,
  )),
 ), Some(([], (
  ty: None,
 )))),
 ((
  address: (
   start: (4256),
   end: (4271),
  ),
  flags: (5184),
  extra: NonTail((
   frame: 72057594037927935,
   frsize: 0,
   frregs: 0,
   argsize: 0,
   pntqty: 1,
   llabelqty: 0,
   regvarqty: 0,
   regargqty: 0,
   color: None,
   tailqty: 0,
   fpd: 0,
  )),
 ), Some(([], (
  ty: None,
 )))),
 ((
  address: (
   start: (4272),
   end: (4287),
  ),
  flags: (5184),
  extra: NonTail((
   frame: 72057594037927935,
   frsize: 0,
   frregs: 0,
   argsize: 0,
   pntqty: 1,
   llabelqty: 0,
   regvarqty: 0,
   regargqty: 0,
   color: None,
   tailqty: 0,
   fpd: 0,
  )),
 ), Some(([], (
  ty: None,
 )))),
 ((
  address: (
   start: (4288),
   end: (4303),
  ),
  flags: (5184),
  extra: NonTail((
   frame: 72057594037927935,
   frsize: 0,
   frregs: 0,
   argsize: 0,
   pntqty: 1,
   llabelqty: 0,
   regvarqty: 0,
   regargqty: 0,
   color: None,
   tailqty: 0,
   fpd: 0,
  )),
 ), Some(([], (
  ty: None,
 )))),
 ((
  address: (
   start: (4304),
   end: (4319),
  ),
  flags: (5184),
  extra: NonTail((
   frame: 72057594037927935,
   frsize: 0,
   frregs: 0,
   argsize: 0,
   pntqty: 1,
   llabelqty: 0,
   regvarqty: 0,
   regargqty: 0,
   color: None,
   tailqty: 0,
   fpd: 0,
  )),
 ), Some(([], (
  ty: None,
 )))),
 ((
  address: (
   start: (4320),
   end: (4335),
  ),
  flags: (5184),
  extra: NonTail((
   frame: 72057594037927935,
   frsize: 0,
   frregs: 0,
   argsize: 0,
   pntqty: 1,
   llabelqty: 0,
   regvarqty: 0,
   regargqty: 0,
   color: None,
   tailqty: 0,
   fpd: 0,
  )),
 ), Some(([], (
  ty: None,
 )))),
 ((
  address: (
   start: (4336),
   end: (4351),
  ),
  flags: (5184),
  extra: NonTail((
   frame: 72057594037927935,
   frsize: 0,
   frregs: 0,
   argsize: 0,
   pntqty: 1,
   llabelqty: 0,
   regvarqty: 0,
   regargqty: 0,
   color: None,
   tailqty: 0,
   fpd: 0,
  )),
 ), Some(([], (
  ty: None,
 )))),
 ((
  address: (
   start: (4352),
   end: (4363),
  ),
  flags: (5312),
  extra: NonTail((
   frame: 72057594037927935,
   frsize: 0,
   frregs: 0,
   argsize: 0,
   pntqty: 0,
   llabelqty: 0,
   regvarqty: 0,
   regargqty: 0,
   color: None,
   tailqty: 0,
   fpd: 0,
  )),
 ), Some(([], (
  ty: None,
 )))),
 ((
  address: (
   start: (4368),
   end: (4379),
  ),
  flags: (5312),
  extra: NonTail((
   frame: 72057594037927935,
   frsize: 0,
   frregs: 0,
   argsize: 0,
   pntqty: 0,
   llabelqty: 0,
   regvarqty: 0,
   regargqty: 0,
   color: None,
   tailqty: 0,
   fpd: 0,
  )),
 ), Some(([], (
  ty: None,
 )))),
 ((
  address: (
   start: (4384),
   end: (4395),
  ),
  flags: (5313),
  extra: NonTail((
   frame: 72057594037927935,
   frsize: 0,
   frregs: 0,
   argsize: 0,
   pntqty: 0,
   llabelqty: 0,
   regvarqty: 0,
   regargqty: 0,
   color: None,
   tailqty: 0,
   fpd: 0,
  )),
 ), Some(([], (
  ty: None,
 )))),
 ((
  address: (
   start: (4400),
   end: (4411),
  ),
  flags: (5312),
  extra: NonTail((
   frame: 72057594037927935,
   frsize: 0,
   frregs: 0,
   argsize: 0,
   pntqty: 0,
   llabelqty: 0,
   regvarqty: 0,
   regargqty: 0,
   color: None,
   tailqty: 0,
   fpd: 0,
  )),
 ), Some(([], (
  ty: None,
 )))),
 ((
  address: (
   start: (4416),
   end: (4427),
  ),
  flags: (5312),
  extra: NonTail((
   frame: 72057594037927935,
   frsize: 0,
   frregs: 0,
   argsize: 0,
   pntqty: 0,
   llabelqty: 0,
   regvarqty: 0,
   regargqty: 0,
   color: None,
   tailqty: 0,
   fpd: 0,
  )),
 ), Some(([], (
  ty: None,
 )))),
 ((
  address: (
   start: (4432),
   end: (4443),
  ),
  flags: (5312),
  extra: NonTail((
   frame: 72057594037927935,
   frsize: 0,
   frregs: 0,
   argsize: 0,
   pntqty: 0,
   llabelqty: 0,
   regvarqty: 0,
   regargqty: 0,
   color: None,
   tailqty: 0,
   fpd: 0,
  )),
 ), Some(([], (
  ty: None,
 )))),
 ((
  address: (
   start: (4448),
   end: (4459),
  ),
  flags: (5312),
  extra: NonTail((
   frame: 72057594037927935,
   frsize: 0,
   frregs: 0,
   argsize: 0,
   pntqty: 0,
   llabelqty: 0,
   regvarqty: 0,
   regargqty: 0,
   color: None,
   tailqty: 0,
   fpd: 0,
  )),
 ), Some(([], (
  ty: None,
 )))),
 ((
  address: (
   start: (4464),
   end: (4475),
  ),
  flags: (5312),
  extra: NonTail((
   frame: 72057594037927935,
   frsize: 0,
   frregs: 0,
   argsize: 0,
   pntqty: 0,
   llabelqty: 0,
   regvarqty: 0,
   regargqty: 0,
   color: None,
   tailqty: 0,
   fpd: 0,
  )),
 ), Some(([], (
  ty: None,
 )))),
 ((
  address: (
   start: (4480),
   end: (4491),
  ),
  flags: (5312),
  extra: NonTail((
   frame: 72057594037927935,
   frsize: 0,
   frregs: 0,
   argsize: 0,
   pntqty: 0,
   llabelqty: 0,
   regvarqty: 0,
   regargqty: 0,
   color: None,
   tailqty: 0,
   fpd: 0,
  )),
 ), Some(([], (
  ty: None,
 )))),
 ((
  address: (
   start: (4496),
   end: (4507),
  ),
  flags: (5312),
  extra: NonTail((
   frame: 72057594037927935,
   frsize: 0,
   frregs: 0,
   argsize: 0,
   pntqty: 0,
   llabelqty: 0,
   regvarqty: 0,
   regargqty: 0,
   color: None,
   tailqty: 0,
   fpd: 0,
  )),
 ), Some(([], (
  ty: None,
 )))),
 ((
  address: (
   start: (4512),
   end: (4523),
  ),
  flags: (5312),
  extra: NonTail((
   frame: 72057594037927935,
   frsize: 0,
   frregs: 0,
   argsize: 0,
   pntqty: 0,
   llabelqty: 0,
   regvarqty: 0,
   regargqty: 0,
   color: None,
   tailqty: 0,
   fpd: 0,
  )),
 ), Some(([], (
  ty: None,
 )))),
 ((
  address: (
   start: (4528),
   end: (4539),
  ),
  flags: (5312),
  extra: NonTail((
   frame: 72057594037927935,
   frsize: 0,
   frregs: 0,
   argsize: 0,
   pntqty: 0,
   llabelqty: 0,
   regvarqty: 0,
   regargqty: 0,
   color: None,
   tailqty: 0,
   fpd: 0,
  )),
 ), Some(([], (
  ty: None,
 )))),
 ((
  address: (
   start: (4544),
   end: (4555),
  ),
  flags: (5313),
  extra: NonTail((
   frame: 72057594037927935,
   frsize: 0,
   frregs: 0,
   argsize: 0,
   pntqty: 0,
   llabelqty: 0,
   regvarqty: 0,
   regargqty: 0,
   color: None,
   tailqty: 0,
   fpd: 0,
  )),
 ), Some(([], (
  ty: None,
 )))),
 ((
  address: (
   start: (4560),
   end: (4571),
  ),
  flags: (5312),
  extra: NonTail((
   frame: 72057594037927935,
   frsize: 0,
   frregs: 0,
   argsize: 0,
   pntqty: 0,
   llabelqty: 0,
   regvarqty: 0,
   regargqty: 0,
   color: None,
   tailqty: 0,
   fpd: 0,
  )),
 ), Some(([], (
  ty: None,
 )))),
 ((
  address: (
   start: (4576),
   end: (4863),
  ),
  flags: (21504),
  extra: NonTail((
   frame: 122,
   frsize: 120,
   frregs: 0,
   argsize: 0,
   pntqty: 11,
   llabelqty: 0,
   regvarqty: 0,
   regargqty: 0,
   color: None,
   tailqty: 0,
   fpd: 0,
  )),
 ), Some(([], (
  ty: None,
 )))),
 ((
  address: (
   start: (4864),
   end: (4903),
  ),
  flags: (5120),
  extra: NonTail((
   frame: 124,
   frsize: 8,
   frregs: 0,
   argsize: 0,
   pntqty: 2,
   llabelqty: 0,
   regvarqty: 0,
   regargqty: 0,
   color: Some(15663088),
   tailqty: 0,
   fpd: 0,
  )),
 ), Some(([], (
  ty: None,
 )))),
 ((
  address: (
   start: (4912),
   end: (4950),
  ),
  flags: (7169),
  extra: NonTail((
   frame: 293,
   frsize: 0,
   frregs: 0,
   argsize: 0,
   pntqty: 3,
   llabelqty: 0,
   regvarqty: 0,
   regargqty: 1,
   color: None,
   tailqty: 0,
   fpd: 0,
  )),
 ), Some(([], (
  ty: None,
 )))),
 ((
  address: (
   start: (4960),
   end: (5001),
  ),
  flags: (21504),
  extra: NonTail((
   frame: 148,
   frsize: 0,
   frregs: 0,
   argsize: 0,
   pntqty: 0,
   llabelqty: 0,
   regvarqty: 0,
   regargqty: 0,
   color: None,
   tailqty: 0,
   fpd: 0,
  )),
 ), Some(([], (
  ty: None,
 )))),
 ((
  address: (
   start: (5008),
   end: (5065),
  ),
  flags: (21504),
  extra: NonTail((
   frame: 144,
   frsize: 0,
   frregs: 0,
   argsize: 0,
   pntqty: 0,
   llabelqty: 0,
   regvarqty: 0,
   regargqty: 0,
   color: None,
   tailqty: 0,
   fpd: 0,
  )),
 ), Some(([], (
  ty: None,
 )))),
 ((
  address: (
   start: (5072),
   end: (5129),
  ),
  flags: (21504),
  extra: NonTail((
   frame: 150,
   frsize: 0,
   frregs: 0,
   argsize: 0,
   pntqty: 2,
   llabelqty: 0,
   regvarqty: 0,
   regargqty: 0,
   color: None,
   tailqty: 0,
   fpd: 0,
  )),
 ), Some(([], (
  ty: None,
 )))),
 ((
  address: (
   start: (5136),
   end: (5145),
  ),
  flags: (21632),
  extra: NonTail((
   frame: 146,
   frsize: 0,
   frregs: 0,
   argsize: 0,
   pntqty: 0,
   llabelqty: 0,
   regvarqty: 0,
   regargqty: 0,
   color: None,
   tailqty: 0,
   fpd: 0,
  )),
 ), Some(([], (
  ty: None,
 )))),
 ((
  address: (
   start: (5152),
   end: (5185),
  ),
  flags: (5121),
  extra: NonTail((
   frame: 72057594037927935,
   frsize: 0,
   frregs: 0,
   argsize: 0,
   pntqty: 3,
   llabelqty: 0,
   regvarqty: 0,
   regargqty: 0,
   color: Some(15663088),
   tailqty: 0,
   fpd: 0,
  )),
 ), Some(([], (
  ty: None,
 )))),
 ((
  address: (
   start: (5200),
   end: (5229),
  ),
  flags: (5121),
  extra: NonTail((
   frame: 72057594037927935,
   frsize: 0,
   frregs: 0,
   argsize: 0,
   pntqty: 3,
   llabelqty: 0,
   regvarqty: 0,
   regargqty: 0,
   color: None,
   tailqty: 0,
   fpd: 0,
  )),
 ), Some(([], (
  ty: None,
 )))),
 ((
  address: (
   start: (5232),
   end: (5308),
  ),
  flags: (5120),
  extra: NonTail((
   frame: 72057594037927935,
   frsize: 0,
   frregs: 0,
   argsize: 0,
   pntqty: 0,
   llabelqty: 0,
   regvarqty: 0,
   regargqty: 0,
   color: None,
   tailqty: 0,
   fpd: 0,
  )),
 ), Some(([], (
  ty: None,
 )))),
 ((
  address: (
   start: (5312),
   end: (6863),
  ),
  flags: (21504),
  extra: NonTail((
   frame: 126,
   frsize: 88,
   frregs: 0,
   argsize: 0,
   pntqty: 29,
   llabelqty: 0,
   regvarqty: 0,
   regargqty: 0,
   color: None,
   tailqty: 0,
   fpd: 0,
  )),
 ), Some(([], (
  ty: None,
 )))),
 ((
  address: (
   start: (6864),
   end: (6900),
  ),
  flags: (21504),
  extra: NonTail((
   frame: 128,
   frsize: 8,
   frregs: 0,
   argsize: 0,
   pntqty: 2,
   llabelqty: 0,
   regvarqty: 0,
   regargqty: 0,
   color: None,
   tailqty: 0,
   fpd: 0,
  )),
 ), Some(([], (
  ty: None,
 )))),
 ((
  address: (
   start: (6912),
   end: (7089),
  ),
  flags: (21504),
  extra: NonTail((
   frame: 130,
   frsize: 8,
   frregs: 0,
   argsize: 0,
   pntqty: 9,
   llabelqty: 0,
   regvarqty: 0,
   regargqty: 0,
   color: None,
   tailqty: 0,
   fpd: 0,
  )),
 ), Some(([], (
  ty: None,
 )))),
 ((
  address: (
   start: (7104),
   end: (7134),
  ),
  flags: (21504),
  extra: NonTail((
   frame: 202,
   frsize: 0,
   frregs: 0,
   argsize: 0,
   pntqty: 0,
   llabelqty: 0,
   regvarqty: 0,
   regargqty: 0,
   color: None,
   tailqty: 0,
   fpd: 0,
  )),
 ), Some(([], (
  ty: None,
 )))),
 ((
  address: (
   start: (7136),
   end: (7203),
  ),
  flags: (21504),
  extra: NonTail((
   frame: 205,
   frsize: 0,
   frregs: 0,
   argsize: 0,
   pntqty: 0,
   llabelqty: 0,
   regvarqty: 0,
   regargqty: 0,
   color: None,
   tailqty: 0,
   fpd: 0,
  )),
 ), Some(([], (
  ty: None,
 )))),
 ((
  address: (
   start: (7204),
   end: (7217),
  ),
  flags: (21504),
  extra: NonTail((
   frame: 132,
   frsize: 8,
   frregs: 0,
   argsize: 0,
   pntqty: 2,
   llabelqty: 0,
   regvarqty: 0,
   regargqty: 0,
   color: None,
   tailqty: 0,
   fpd: 0,
  )),
 ), Some(([], (
  ty: None,
 )))),
 ((
  address: (
   start: (20688),
   end: (20696),
  ),
  flags: (5120),
  extra: NonTail((
   frame: 72057594037927935,
   frsize: 0,
   frregs: 0,
   argsize: 0,
   pntqty: 0,
   llabelqty: 0,
   regvarqty: 0,
   regargqty: 0,
   color: None,
   tailqty: 0,
   fpd: 0,
  )),
 ), Some(([], (
  ty: None,
 )))),
 ((
  address: (
   start: (20696),
   end: (20704),
  ),
  flags: (5120),
  extra: NonTail((
   frame: 72057594037927935,
   frsize: 0,
   frregs: 0,
   argsize: 0,
   pntqty: 0,
   llabelqty: 0,
   regvarqty: 0,
   regargqty: 0,
   color: None,
   tailqty: 0,
   fpd: 0,
  )),
 ), Some(([], (
  ty: None,
 )))),
 ((
  address: (
   start: (20704),
   end: (20712),
  ),
  flags: (5121),
  extra: NonTail((
   frame: 72057594037927935,
   frsize: 0,
   frregs: 0,
   argsize: 0,
   pntqty: 0,
   llabelqty: 0,
   regvarqty: 0,
   regargqty: 0,
   color: None,
   tailqty: 0,
   fpd: 0,
  )),
 ), Some(([], (
  ty: None,
 )))),
 ((
  address: (
   start: (20712),
   end: (20720),
  ),
  flags: (5120),
  extra: NonTail((
   frame: 72057594037927935,
   frsize: 0,
   frregs: 0,
   argsize: 0,
   pntqty: 0,
   llabelqty: 0,
   regvarqty: 0,
   regargqty: 0,
   color: None,
   tailqty: 0,
   fpd: 0,
  )),
 ), Some(([], (
  ty: None,
 )))),
 ((
  address: (
   start: (20720),
   end: (20728),
  ),
  flags: (5120),
  extra: NonTail((
   frame: 72057594037927935,
   frsize: 0,
   frregs: 0,
   argsize: 0,
   pntqty: 0,
   llabelqty: 0,
   regvarqty: 0,
   regargqty: 0,
   color: None,
   tailqty: 0,
   fpd: 0,
  )),
 ), Some(([], (
  ty: None,
 )))),
 ((
  address: (
   start: (20728),
   end: (20736),
  ),
  flags: (5120),
  extra: NonTail((
   frame: 72057594037927935,
   frsize: 0,
   frregs: 0,
   argsize: 0,
   pntqty: 0,
   llabelqty: 0,
   regvarqty: 0,
   regargqty: 0,
   color: None,
   tailqty: 0,
   fpd: 0,
  )),
 ), Some(([], (
  ty: None,
 )))),
 ((
  address: (
   start: (20736),
   end: (20744),
  ),
  flags: (5120),
  extra: NonTail((
   frame: 72057594037927935,
   frsize: 0,
   frregs: 0,
   argsize: 0,
   pntqty: 0,
   llabelqty: 0,
   regvarqty: 0,
   regargqty: 0,
   color: None,
   tailqty: 0,
   fpd: 0,
  )),
 ), Some(([], (
  ty: None,
 )))),
 ((
  address: (
   start: (20744),
   end: (20752),
  ),
  flags: (5120),
  extra: NonTail((
   frame: 72057594037927935,
   frsize: 0,
   frregs: 0,
   argsize: 0,
   pntqty: 0,
   llabelqty: 0,
   regvarqty: 0,
   regargqty: 0,
   color: None,
   tailqty: 0,
   fpd: 0,
  )),
 ), Some(([], (
  ty: None,
 )))),
 ((
  address: (
   start: (20752),
   end: (20760),
  ),
  flags: (5120),
  extra: NonTail((
   frame: 72057594037927935,
   frsize: 0,
   frregs: 0,
   argsize: 0,
   pntqty: 0,
   llabelqty: 0,
   regvarqty: 0,
   regargqty: 0,
   color: None,
   tailqty: 0,
   fpd: 0,
  )),
 ), Some(([], (
  ty: None,
 )))),
 ((
  address: (
   start: (20760),
   end: (20768),
  ),
  flags: (5120),
  extra: NonTail((
   frame: 72057594037927935,
   frsize: 0,
   frregs: 0,
   argsize: 0,
   pntqty: 0,
   llabelqty: 0,
   regvarqty: 0,
   regargqty: 0,
   color: None,
   tailqty: 0,
   fpd: 0,
  )),
 ), Some(([], (
  ty: None,
 )))),
 ((
  address: (
   start: (20768),
   end: (20776),
  ),
  flags: (5120),
  extra: NonTail((
   frame: 72057594037927935,
   frsize: 0,
   frregs: 0,
   argsize: 0,
   pntqty: 0,
   llabelqty: 0,
   regvarqty: 0,
   regargqty: 0,
   color: None,
   tailqty: 0,
   fpd: 0,
  )),
 ), Some(([], (
  ty: None,
 )))),
 ((
  address: (
   start: (20776),
   end: (20784),
  ),
  flags: (5120),
  extra: NonTail((
   frame: 72057594037927935,
   frsize: 0,
   frregs: 0,
   argsize: 0,
   pntqty: 0,
   llabelqty: 0,
   regvarqty: 0,
   regargqty: 0,
   color: None,
   tailqty: 0,
   fpd: 0,
  )),
 ), Some(([], (
  ty: None,
 )))),
 ((
  address: (
   start: (20784),
   end: (20792),
  ),
  flags: (5121),
  extra: NonTail((
   frame: 72057594037927935,
   frsize: 0,
   frregs: 0,
   argsize: 0,
   pntqty: 0,
   llabelqty: 0,
   regvarqty: 0,
   regargqty: 0,
   color: None,
   tailqty: 0,
   fpd: 0,
  )),
 ), Some(([], (
  ty: None,
 )))),
 ((
  address: (
   start: (20792),
   end: (20800),
  ),
  flags: (5120),
  extra: NonTail((
   frame: 72057594037927935,
   frsize: 0,
   frregs: 0,
   argsize: 0,
   pntqty: 0,
   llabelqty: 0,
   regvarqty: 0,
   regargqty: 0,
   color: None,
   tailqty: 0,
   fpd: 0,
  )),
 ), Some(([], (
  ty: None,
 )))),
 ((
  address: (
   start: (20800),
   end: (20808),
  ),
  flags: (5120),
  extra: NonTail((
   frame: 72057594037927935,
   frsize: 0,
   frregs: 0,
   argsize: 0,
   pntqty: 0,
   llabelqty: 0,
   regvarqty: 0,
   regargqty: 0,
   color: None,
   tailqty: 0,
   fpd: 0,
  )),
 ), Some(([], (
  ty: None,
 )))),
 ((
  address: (
   start: (20816),
   end: (20824),
  ),
  flags: (5120),
  extra: NonTail((
   frame: 72057594037927935,
   frsize: 0,
   frregs: 0,
   argsize: 0,
   pntqty: 0,
   llabelqty: 0,
   regvarqty: 0,
   regargqty: 0,
   color: None,
   tailqty: 0,
   fpd: 0,
  )),
 ), Some(([], (
  ty: None,
 )))),
]