---
hash: C3D9C31B2504ADD4
source: src/test.rs
expression: til
---
Some((
 header: (
  format: 18,
  description: "Local type definitions",
  flags: (18),
  dependencies: [
   "gnuunx",
  ],
  compiler_id: Unknown,
  compiler_guessed: false,
  cc: None,
  cn: Some(N32F48),
  cm: Some(NN),
  def_align: None,
  type_ordinal_alias: None,
  size_int: 4,
  size_bool: 1,
  size_enum: Some(4),
  extended_sizeof_info: None,
  size_long_double: None,
  is_universal: false,
 ),
 symbols: [],
 types: [
  (
   name: "option",
   ordinal: 1,
   tinfo: (
    comment: None,
    is_const: false,
    is_volatile: false,
    type_variant: Struct((
     effective_alignment: None,
     members: [
      (
       name: Some("name"),
       comment: None,
       member_type: (
        comment: None,
        is_const: false,
        is_volatile: false,
        type_variant: Pointer((
         closure: Default,
         modifier: None,
         shifted: None,
         typ: (
          comment: None,
          is_const: true,
          is_volatile: false,
          type_variant: Basic(Char),
         ),
        )),
       ),
       att: None,
       alignment: None,
       is_baseclass: false,
       is_unaligned: false,
       is_vft: false,
       is_method: false,
       is_unknown_8: false,
      ),
      (
       name: Some("has_arg"),
       comment: None,
       member_type: (
        comment: None,
        is_const: false,
        is_volatile: false,
        type_variant: Basic(Int(
         is_signed: None,
        )),
       ),
       att: None,
       alignment: None,
       is_baseclass: false,
       is_unaligned: false,
       is_vft: false,
       is_method: false,
       is_unknown_8: false,
      ),
      (
       name: Some("flag"),
       comment: None,
       member_type: (
        comment: None,
        is_const: false,
        is_volatile: false,
        type_variant: Pointer((
         closure: Default,
         modifier: None,
         shifted: None,
         typ: (
          comment: None,
          is_const: false,
          is_volatile: false,
          type_variant: Basic(Int(
           is_signed: None,
          )),
         ),
        )),
       ),
       att: None,
       alignment: None,
       is_baseclass: false,
       is_unaligned: false,
       is_vft: false,
       is_method: false,
       is_unknown_8: false,
      ),
      (
       name: Some("val"),
       comment: None,
       member_type: (
        comment: None,
        is_const: false,
        is_volatile: false,
        type_variant: Basic(Int(
         is_signed: None,
        )),
       ),
       att: None,
       alignment: None,
       is_baseclass: false,
       is_unaligned: false,
       is_vft: false,
       is_method: false,
       is_unknown_8: false,
      ),
     ],
     extra_padding: None,
     is_unaligned: false,
     is_msstruct: false,
     is_cppobj: false,
     is_vft: false,
     is_fixed: false,
     is_uknown_8: false,
     alignment: None,
    )),
   ),
   sclass: None,
  ),
  (
   name: "$EE5E8BDA873FE0A606F5340B5687DB85",
   ordinal: 4,
   tinfo: (
    comment: None,
    is_const: false,
    is_volatile: false,
    type_variant: Struct((
     effective_alignment: None,
     members: [
      (
       name: Some("__val"),
       comment: None,
       member_type: (
        comment: None,
        is_const: false,
        is_volatile: false,
        type_variant: Array((
         alignment: None,
         base: 0,
         nelem: Some(32),
         elem_type: (
          comment: None,
          is_const: false,
          is_volatile: false,
          type_variant: Basic(IntSized(
           bytes: 4,
           is_signed: Some(false),
          )),
         ),
        )),
       ),
       att: None,
       alignment: None,
       is_baseclass: false,
       is_unaligned: false,
       is_vft: false,
       is_method: false,
       is_unknown_8: false,
      ),
     ],
     extra_padding: None,
     is_unaligned: false,
     is_msstruct: false,
     is_cppobj: false,
     is_vft: false,
     is_fixed: false,
     is_uknown_8: false,
     alignment: None,
    )),
   ),
   sclass: None,
  ),
  (
   name: "__sigset_t",
   ordinal: 3,
   tinfo: (
    comment: None,
    is_const: false,
    is_volatile: false,
    type_variant: Typeref((
     ref_type: None,
     typeref_value: Ref(1),
    )),
   ),
   sclass: None,
  ),
  (
   name: "sigset_t",
   ordinal: 2,
   tinfo: (
    comment: None,
    is_const: false,
    is_volatile: false,
    type_variant: Typeref((
     ref_type: None,
     typeref_value: Ref(2),
    )),
   ),
   sclass: None,
  ),
  (
   name: "__sighandler_t",
   ordinal: 7,
   tinfo: (
    comment: None,
    is_const: false,
    is_volatile: false,
    type_variant: Pointer((
     closure: Default,
     modifier: None,
     shifted: None,
     typ: (
      comment: None,
      is_const: false,
      is_volatile: false,
      type_variant: Function((
       calling_convention: None,
       ret: (
        comment: None,
        is_const: false,
        is_volatile: false,
        type_variant: Basic(Void),
       ),
       args: [
        (
         name: None,
         comment: None,
         ty: (
          comment: None,
          is_const: false,
          is_volatile: false,
          type_variant: Basic(Int(
           is_signed: None,
          )),
         ),
         loc: None,
         flags: None,
        ),
       ],
       retloc: None,
       method: None,
       is_noret: false,
       is_pure: false,
       is_high: false,
       is_static: false,
       is_virtual: false,
       is_const: false,
       is_constructor: false,
       is_destructor: false,
      )),
     ),
    )),
   ),
   sclass: None,
  ),
  (
   name: "__pid_t",
   ordinal: 12,
   tinfo: (
    comment: None,
    is_const: false,
    is_volatile: false,
    type_variant: Basic(Int(
     is_signed: None,
    )),
   ),
   sclass: None,
  ),
  (
   name: "__uid_t",
   ordinal: 13,
   tinfo: (
    comment: None,
    is_const: false,
    is_volatile: false,
    type_variant: Basic(Int(
     is_signed: Some(false),
    )),
   ),
   sclass: None,
  ),
  (
   name: "siginfo::$9703D8310E6E5AF54AB70219D84A4EBC::$DDF278A5B88F81FEC3CBEE828E282CB3",
   ordinal: 11,
   tinfo: (
    comment: None,
    is_const: false,
    is_volatile: false,
    type_variant: Struct((
     effective_alignment: None,
     members: [
      (
       name: Some("si_pid"),
       comment: None,
       member_type: (
        comment: None,
        is_const: false,
        is_volatile: false,
        type_variant: Typeref((
         ref_type: None,
         typeref_value: Ref(5),
        )),
       ),
       att: None,
       alignment: None,
       is_baseclass: false,
       is_unaligned: false,
       is_vft: false,
       is_method: false,
       is_unknown_8: false,
      ),
      (
       name: Some("si_uid"),
       comment: None,
       member_type: (
        comment: None,
        is_const: false,
        is_volatile: false,
        type_variant: Typeref((
         ref_type: None,
         typeref_value: Ref(6),
        )),
       ),
       att: None,
       alignment: None,
       is_baseclass: false,
       is_unaligned: false,
       is_vft: false,
       is_method: false,
       is_unknown_8: false,
      ),
     ],
     extra_padding: None,
     is_unaligned: false,
     is_msstruct: false,
     is_cppobj: false,
     is_vft: false,
     is_fixed: false,
     is_uknown_8: false,
     alignment: None,
    )),
   ),
   sclass: None,
  ),
  (
   name: "sigval",
   ordinal: 16,
   tinfo: (
    comment: None,
    is_const: false,
    is_volatile: false,
    type_variant: Union((
     effective_alignment: None,
     alignment: None,
     members: [
      (
       name: Some("sival_int"),
       comment: None,
       ty: (
        comment: None,
        is_const: false,
        is_volatile: false,
        type_variant: Basic(Int(
         is_signed: None,
        )),
       ),
      ),
      (
       name: Some("sival_ptr"),
       comment: None,
       ty: (
        comment: None,
        is_const: false,
        is_volatile: false,
        type_variant: Pointer((
         closure: Default,
         modifier: None,
         shifted: None,
         typ: (
          comment: None,
          is_const: false,
          is_volatile: false,
          type_variant: Basic(Void),
         ),
        )),
       ),
      ),
     ],
     is_unaligned: false,
     is_unknown_8: false,
    )),
   ),
   sclass: None,
  ),
  (
   name: "sigval_t",
   ordinal: 15,
   tinfo: (
    comment: None,
    is_const: false,
    is_volatile: false,
    type_variant: Typeref((
     ref_type: None,
     typeref_value: Ref(8),
    )),
   ),
   sclass: None,
  ),
  (
   name: "siginfo::$9703D8310E6E5AF54AB70219D84A4EBC::$F43D85AC31CEBD8CC07B08111ABDF065",
   ordinal: 14,
   tinfo: (
    comment: None,
    is_const: false,
    is_volatile: false,
    type_variant: Struct((
     effective_alignment: None,
     members: [
      (
       name: Some("si_tid"),
       comment: None,
       member_type: (
        comment: None,
        is_const: false,
        is_volatile: false,
        type_variant: Basic(Int(
         is_signed: None,
        )),
       ),
       att: None,
       alignment: None,
       is_baseclass: false,
       is_unaligned: false,
       is_vft: false,
       is_method: false,
       is_unknown_8: false,
      ),
      (
       name: Some("si_overrun"),
       comment: None,
       member_type: (
        comment: None,
        is_const: false,
        is_volatile: false,
        type_variant: Basic(Int(
         is_signed: None,
        )),
       ),
       att: None,
       alignment: None,
       is_baseclass: false,
       is_unaligned: false,
       is_vft: false,
       is_method: false,
       is_unknown_8: false,
      ),
      (
       name: Some("si_sigval"),
       comment: None,
       member_type: (
        comment: None,
        is_const: false,
        is_volatile: false,
        type_variant: Typeref((
         ref_type: None,
         typeref_value: Ref(9),
        )),
       ),
       att: None,
       alignment: None,
       is_baseclass: false,
       is_unaligned: false,
       is_vft: false,
       is_method: false,
       is_unknown_8: false,
      ),
     ],
     extra_padding: None,
     is_unaligned: false,
     is_msstruct: false,
     is_cppobj: false,
     is_vft: false,
     is_fixed: false,
     is_uknown_8: false,
     alignment: None,
    )),
   ),
   sclass: None,
  ),
  (
   name: "siginfo::$9703D8310E6E5AF54AB70219D84A4EBC::$002955E8B5DE3B92E30DFEF7AB65BFE2",
   ordinal: 17,
   tinfo: (
    comment: None,
    is_const: false,
    is_volatile: false,
    type_variant: Struct((
     effective_alignment: None,
     members: [
      (
       name: Some("si_pid"),
       comment: None,
       member_type: (
        comment: None,
        is_const: false,
        is_volatile: false,
        type_variant: Typeref((
         ref_type: None,
         typeref_value: Ref(5),
        )),
       ),
       att: None,
       alignment: None,
       is_baseclass: false,
       is_unaligned: false,
       is_vft: false,
       is_method: false,
       is_unknown_8: false,
      ),
      (
       name: Some("si_uid"),
       comment: None,
       member_type: (
        comment: None,
        is_const: false,
        is_volatile: false,
        type_variant: Typeref((
         ref_type: None,
         typeref_value: Ref(6),
        )),
       ),
       att: None,
       alignment: None,
       is_baseclass: false,
       is_unaligned: false,
       is_vft: false,
       is_method: false,
       is_unknown_8: false,
      ),
      (
       name: Some("si_sigval"),
       comment: None,
       member_type: (
        comment: None,
        is_const: false,
        is_volatile: false,
        type_variant: Typeref((
         ref_type: None,
         typeref_value: Ref(9),
        )),
       ),
       att: None,
       alignment: None,
       is_baseclass: false,
       is_unaligned: false,
       is_vft: false,
       is_method: false,
       is_unknown_8: false,
      ),
     ],
     extra_padding: None,
     is_unaligned: false,
     is_msstruct: false,
     is_cppobj: false,
     is_vft: false,
     is_fixed: false,
     is_uknown_8: false,
     alignment: None,
    )),
   ),
   sclass: None,
  ),
  (
   name: "__clock_t",
   ordinal: 19,
   tinfo: (
    comment: None,
    is_const: false,
    is_volatile: false,
    type_variant: Basic(IntSized(
     bytes: 4,
     is_signed: None,
    )),
   ),
   sclass: None,
  ),
  (
   name: "siginfo::$9703D8310E6E5AF54AB70219D84A4EBC::$353EAF26536A4016665766004ADC0BD6",
   ordinal: 18,
   tinfo: (
    comment: None,
    is_const: false,
    is_volatile: false,
    type_variant: Struct((
     effective_alignment: None,
     members: [
      (
       name: Some("si_pid"),
       comment: None,
       member_type: (
        comment: None,
        is_const: false,
        is_volatile: false,
        type_variant: Typeref((
         ref_type: None,
         typeref_value: Ref(5),
        )),
       ),
       att: None,
       alignment: None,
       is_baseclass: false,
       is_unaligned: false,
       is_vft: false,
       is_method: false,
       is_unknown_8: false,
      ),
      (
       name: Some("si_uid"),
       comment: None,
       member_type: (
        comment: None,
        is_const: false,
        is_volatile: false,
        type_variant: Typeref((
         ref_type: None,
         typeref_value: Ref(6),
        )),
       ),
       att: None,
       alignment: None,
       is_baseclass: false,
       is_unaligned: false,
       is_vft: false,
       is_method: false,
       is_unknown_8: false,
      ),
      (
       name: Some("si_status"),
       comment: None,
       member_type: (
        comment: None,
        is_const: false,
        is_volatile: false,
        type_variant: Basic(Int(
         is_signed: None,
        )),
       ),
       att: None,
       alignment: None,
       is_baseclass: false,
       is_unaligned: false,
       is_vft: false,
       is_method: false,
       is_unknown_8: false,
      ),
      (
       name: Some("si_utime"),
       comment: None,
       member_type: (
        comment: None,
        is_const: false,
        is_volatile: false,
        type_variant: Typeref((
         ref_type: None,
         typeref_value: Ref(12),
        )),
       ),
       att: None,
       alignment: None,
       is_baseclass: false,
       is_unaligned: false,
       is_vft: false,
       is_method: false,
       is_unknown_8: false,
      ),
      (
       name: Some("si_stime"),
       comment: None,
       member_type: (
        comment: None,
        is_const: false,
        is_volatile: false,
        type_variant: Typeref((
         ref_type: None,
         typeref_value: Ref(12),
        )),
       ),
       att: None,
       alignment: None,
       is_baseclass: false,
       is_unaligned: false,
       is_vft: false,
       is_method: false,
       is_unknown_8: false,
      ),
     ],
     extra_padding: None,
     is_unaligned: false,
     is_msstruct: false,
     is_cppobj: false,
     is_vft: false,
     is_fixed: false,
     is_uknown_8: false,
     alignment: None,
    )),
   ),
   sclass: None,
  ),
  (
   name: "siginfo::$9703D8310E6E5AF54AB70219D84A4EBC::$394784BEE55B7018BCA7354475FB2ABC",
   ordinal: 20,
   tinfo: (
    comment: None,
    is_const: false,
    is_volatile: false,
    type_variant: Struct((
     effective_alignment: None,
     members: [
      (
       name: Some("si_addr"),
       comment: None,
       member_type: (
        comment: None,
        is_const: false,
        is_volatile: false,
        type_variant: Pointer((
         closure: Default,
         modifier: None,
         shifted: None,
         typ: (
          comment: None,
          is_const: false,
          is_volatile: false,
          type_variant: Basic(Void),
         ),
        )),
       ),
       att: None,
       alignment: None,
       is_baseclass: false,
       is_unaligned: false,
       is_vft: false,
       is_method: false,
       is_unknown_8: false,
      ),
     ],
     extra_padding: None,
     is_unaligned: false,
     is_msstruct: false,
     is_cppobj: false,
     is_vft: false,
     is_fixed: false,
     is_uknown_8: false,
     alignment: None,
    )),
   ),
   sclass: None,
  ),
  (
   name: "siginfo::$9703D8310E6E5AF54AB70219D84A4EBC::$25B90AD06DB8EE87065EE071226F4194",
   ordinal: 21,
   tinfo: (
    comment: None,
    is_const: false,
    is_volatile: false,
    type_variant: Struct((
     effective_alignment: None,
     members: [
      (
       name: Some("si_band"),
       comment: None,
       member_type: (
        comment: None,
        is_const: false,
        is_volatile: false,
        type_variant: Basic(IntSized(
         bytes: 4,
         is_signed: None,
        )),
       ),
       att: None,
       alignment: None,
       is_baseclass: false,
       is_unaligned: false,
       is_vft: false,
       is_method: false,
       is_unknown_8: false,
      ),
      (
       name: Some("si_fd"),
       comment: None,
       member_type: (
        comment: None,
        is_const: false,
        is_volatile: false,
        type_variant: Basic(Int(
         is_signed: None,
        )),
       ),
       att: None,
       alignment: None,
       is_baseclass: false,
       is_unaligned: false,
       is_vft: false,
       is_method: false,
       is_unknown_8: false,
      ),
     ],
     extra_padding: None,
     is_unaligned: false,
     is_msstruct: false,
     is_cppobj: false,
     is_vft: false,
     is_fixed: false,
     is_uknown_8: false,
     alignment: None,
    )),
   ),
   sclass: None,
  ),
  (
   name: "siginfo::$9703D8310E6E5AF54AB70219D84A4EBC",
   ordinal: 10,
   tinfo: (
    comment: None,
    is_const: false,
    is_volatile: false,
    type_variant: Union((
     effective_alignment: None,
     alignment: None,
     members: [
      (
       name: Some("_pad"),
       comment: None,
       ty: (
        comment: None,
        is_const: false,
        is_volatile: false,
        type_variant: Array((
         alignment: None,
         base: 0,
         nelem: Some(29),
         elem_type: (
          comment: None,
          is_const: false,
          is_volatile: false,
          type_variant: Basic(Int(
           is_signed: None,
          )),
         ),
        )),
       ),
      ),
      (
       name: Some("_kill"),
       comment: None,
       ty: (
        comment: None,
        is_const: false,
        is_volatile: false,
        type_variant: Typeref((
         ref_type: None,
         typeref_value: Ref(7),
        )),
       ),
      ),
      (
       name: Some("_timer"),
       comment: None,
       ty: (
        comment: None,
        is_const: false,
        is_volatile: false,
        type_variant: Typeref((
         ref_type: None,
         typeref_value: Ref(10),
        )),
       ),
      ),
      (
       name: Some("_rt"),
       comment: None,
       ty: (
        comment: None,
        is_const: false,
        is_volatile: false,
        type_variant: Typeref((
         ref_type: None,
         typeref_value: Ref(11),
        )),
       ),
      ),
      (
       name: Some("_sigchld"),
       comment: None,
       ty: (
        comment: None,
        is_const: false,
        is_volatile: false,
        type_variant: Typeref((
         ref_type: None,
         typeref_value: Ref(13),
        )),
       ),
      ),
      (
       name: Some("_sigfault"),
       comment: None,
       ty: (
        comment: None,
        is_const: false,
        is_volatile: false,
        type_variant: Typeref((
         ref_type: None,
         typeref_value: Ref(14),
        )),
       ),
      ),
      (
       name: Some("_sigpoll"),
       comment: None,
       ty: (
        comment: None,
        is_const: false,
        is_volatile: false,
        type_variant: Typeref((
         ref_type: None,
         typeref_value: Ref(15),
        )),
       ),
      ),
     ],
     is_unaligned: false,
     is_unknown_8: false,
    )),
   ),
   sclass: None,
  ),
  (
   name: "siginfo",
   ordinal: 9,
   tinfo: (
    comment: None,
    is_const: false,
    is_volatile: false,
    type_variant: Struct((
     effective_alignment: None,
     members: [
      (
       name: Some("si_signo"),
       comment: None,
       member_type: (
        comment: None,
        is_const: false,
        is_volatile: false,
        type_variant: Basic(Int(
         is_signed: None,
        )),
       ),
       att: None,
       alignment: None,
       is_baseclass: false,
       is_unaligned: false,
       is_vft: false,
       is_method: false,
       is_unknown_8: false,
      ),
      (
       name: Some("si_errno"),
       comment: None,
       member_type: (
        comment: None,
        is_const: false,
        is_volatile: false,
        type_variant: Basic(Int(
         is_signed: None,
        )),
       ),
       att: None,
       alignment: None,
       is_baseclass: false,
       is_unaligned: false,
       is_vft: false,
       is_method: false,
       is_unknown_8: false,
      ),
      (
       name: Some("si_code"),
       comment: None,
       member_type: (
        comment: None,
        is_const: false,
        is_volatile: false,
        type_variant: Basic(Int(
         is_signed: None,
        )),
       ),
       att: None,
       alignment: None,
       is_baseclass: false,
       is_unaligned: false,
       is_vft: false,
       is_method: false,
       is_unknown_8: false,
      ),
      (
       name: Some("_sifields"),
       comment: None,
       member_type: (
        comment: None,
        is_const: false,
        is_volatile: false,
        type_variant: Typeref((
         ref_type: None,
         typeref_value: Ref(16),
        )),
       ),
       att: None,
       alignment: None,
       is_baseclass: false,
       is_unaligned: false,
       is_vft: false,
       is_method: false,
       is_unknown_8: false,
      ),
     ],
     extra_padding: None,
     is_unaligned: false,
     is_msstruct: false,
     is_cppobj: false,
     is_vft: false,
     is_fixed: false,
     is_uknown_8: false,
     alignment: None,
    )),
   ),
   sclass: None,
  ),
  (
   name: "siginfo_t",
   ordinal: 8,
   tinfo: (
    comment: None,
    is_const: false,
    is_volatile: false,
    type_variant: Typeref((
     ref_type: None,
     typeref_value: Ref(17),
    )),
   ),
   sclass: None,
  ),
  (
   name: "sigaction::$27D95C566038B5553D3488E7932C67F0",
   ordinal: 6,
   tinfo: (
    comment: None,
    is_const: false,
    is_volatile: false,
    type_variant: Union((
     effective_alignment: None,
     alignment: None,
     members: [
      (
       name: Some("sa_handler"),
       comment: None,
       ty: (
        comment: None,
        is_const: false,
        is_volatile: false,
        type_variant: Typeref((
         ref_type: None,
         typeref_value: Ref(4),
        )),
       ),
      ),
      (
       name: Some("sa_sigaction"),
       comment: None,
       ty: (
        comment: None,
        is_const: false,
        is_volatile: false,
        type_variant: Pointer((
         closure: Default,
         modifier: None,
         shifted: None,
         typ: (
          comment: None,
          is_const: false,
          is_volatile: false,
          type_variant: Function((
           calling_convention: None,
           ret: (
            comment: None,
            is_const: false,
            is_volatile: false,
            type_variant: Basic(Void),
           ),
           args: [
            (
             name: None,
             comment: None,
             ty: (
              comment: None,
              is_const: false,
              is_volatile: false,
              type_variant: Basic(Int(
               is_signed: None,
              )),
             ),
             loc: None,
             flags: None,
            ),
            (
             name: None,
             comment: None,
             ty: (
              comment: None,
              is_const: false,
              is_volatile: false,
              type_variant: Pointer((
               closure: Default,
               modifier: None,
               shifted: None,
               typ: (
                comment: None,
                is_const: false,
                is_volatile: false,
                type_variant: Typeref((
                 ref_type: None,
                 typeref_value: Ref(18),
                )),
               ),
              )),
             ),
             loc: None,
             flags: None,
            ),
            (
             name: None,
             comment: None,
             ty: (
              comment: None,
              is_const: false,
              is_volatile: false,
              type_variant: Pointer((
               closure: Default,
               modifier: None,
               shifted: None,
               typ: (
                comment: None,
                is_const: false,
                is_volatile: false,
                type_variant: Basic(Void),
               ),
              )),
             ),
             loc: None,
             flags: None,
            ),
           ],
           retloc: None,
           method: None,
           is_noret: false,
           is_pure: false,
           is_high: false,
           is_static: false,
           is_virtual: false,
           is_const: false,
           is_constructor: false,
           is_destructor: false,
          )),
         ),
        )),
       ),
      ),
     ],
     is_unaligned: false,
     is_unknown_8: false,
    )),
   ),
   sclass: None,
  ),
  (
   name: "sigaction",
   ordinal: 5,
   tinfo: (
    comment: None,
    is_const: false,
    is_volatile: false,
    type_variant: Struct((
     effective_alignment: None,
     members: [
      (
       name: Some("__sigaction_handler"),
       comment: None,
       member_type: (
        comment: None,
        is_const: false,
        is_volatile: false,
        type_variant: Typeref((
         ref_type: None,
         typeref_value: Ref(19),
        )),
       ),
       att: None,
       alignment: None,
       is_baseclass: false,
       is_unaligned: false,
       is_vft: false,
       is_method: false,
       is_unknown_8: false,
      ),
      (
       name: Some("sa_mask"),
       comment: None,
       member_type: (
        comment: None,
        is_const: false,
        is_volatile: false,
        type_variant: Typeref((
         ref_type: None,
         typeref_value: Ref(2),
        )),
       ),
       att: None,
       alignment: None,
       is_baseclass: false,
       is_unaligned: false,
       is_vft: false,
       is_method: false,
       is_unknown_8: false,
      ),
      (
       name: Some("sa_flags"),
       comment: None,
       member_type: (
        comment: None,
        is_const: false,
        is_volatile: false,
        type_variant: Basic(Int(
         is_signed: None,
        )),
       ),
       att: None,
       alignment: None,
       is_baseclass: false,
       is_unaligned: false,
       is_vft: false,
       is_method: false,
       is_unknown_8: false,
      ),
      (
       name: Some("sa_restorer"),
       comment: None,
       member_type: (
        comment: None,
        is_const: false,
        is_volatile: false,
        type_variant: Pointer((
         closure: Default,
         modifier: None,
         shifted: None,
         typ: (
          comment: None,
          is_const: false,
          is_volatile: false,
          type_variant: Function((
           calling_convention: Some(Voidarg),
           ret: (
            comment: None,
            is_const: false,
            is_volatile: false,
            type_variant: Basic(Void),
           ),
           args: [],
           retloc: None,
           method: None,
           is_noret: false,
           is_pure: false,
           is_high: false,
           is_static: false,
           is_virtual: false,
           is_const: false,
           is_constructor: false,
           is_destructor: false,
          )),
         ),
        )),
       ),
       att: None,
       alignment: None,
       is_baseclass: false,
       is_unaligned: false,
       is_vft: false,
       is_method: false,
       is_unknown_8: false,
      ),
     ],
     extra_padding: None,
     is_unaligned: false,
     is_msstruct: false,
     is_cppobj: false,
     is_vft: false,
     is_fixed: false,
     is_uknown_8: false,
     alignment: None,
    )),
   ),
   sclass: None,
  ),
  (
   name: "__jmp_buf",
   ordinal: 23,
   tinfo: (
    comment: None,
    is_const: false,
    is_volatile: false,
    type_variant: Array((
     alignment: None,
     base: 0,
     nelem: Some(6),
     elem_type: (
      comment: None,
      is_const: false,
      is_volatile: false,
      type_variant: Basic(Int(
       is_signed: None,
      )),
     ),
    )),
   ),
   sclass: None,
  ),
  (
   name: "__jmp_buf_tag",
   ordinal: 22,
   tinfo: (
    comment: None,
    is_const: false,
    is_volatile: false,
    type_variant: Struct((
     effective_alignment: None,
     members: [
      (
       name: Some("__jmpbuf"),
       comment: None,
       member_type: (
        comment: None,
        is_const: false,
        is_volatile: false,
        type_variant: Typeref((
         ref_type: None,
         typeref_value: Ref(21),
        )),
       ),
       att: None,
       alignment: None,
       is_baseclass: false,
       is_unaligned: false,
       is_vft: false,
       is_method: false,
       is_unknown_8: false,
      ),
      (
       name: Some("__mask_was_saved"),
       comment: None,
       member_type: (
        comment: None,
        is_const: false,
        is_volatile: false,
        type_variant: Basic(Int(
         is_signed: None,
        )),
       ),
       att: None,
       alignment: None,
       is_baseclass: false,
       is_unaligned: false,
       is_vft: false,
       is_method: false,
       is_unknown_8: false,
      ),
      (
       name: Some("__saved_mask"),
       comment: None,
       member_type: (
        comment: None,
        is_const: false,
        is_volatile: false,
        type_variant: Typeref((
         ref_type: None,
         typeref_value: Ref(2),
        )),
       ),
       att: None,
       alignment: None,
       is_baseclass: false,
       is_unaligned: false,
       is_vft: false,
       is_method: false,
       is_unknown_8: false,
      ),
     ],
     extra_padding: None,
     is_unaligned: false,
     is_msstruct: false,
     is_cppobj: false,
     is_vft: false,
     is_fixed: false,
     is_uknown_8: false,
     alignment: None,
    )),
   ),
   sclass: None,
  ),
  (
   name: "wint_t",
   ordinal: 28,
   tinfo: (
    comment: None,
    is_const: false,
    is_volatile: false,
    type_variant: Basic(Int(
     is_signed: Some(false),
    )),
   ),
   sclass: None,
  ),
  (
   name: "$2216EDA7495BBAF57C7F27A68DB83E35::$0740F39446D5E828B16B7363880DB674",
   ordinal: 27,
   tinfo: (
    comment: None,
    is_const: false,
    is_volatile: false,
    type_variant: Union((
     effective_alignment: None,
     alignment: None,
     members: [
      (
       name: Some("__wch"),
       comment: None,
       ty: (
        comment: None,
        is_const: false,
        is_volatile: false,
        type_variant: Typeref((
         ref_type: None,
         typeref_value: Ref(23),
        )),
       ),
      ),
      (
       name: Some("__wchb"),
       comment: None,
       ty: (
        comment: None,
        is_const: false,
        is_volatile: false,
        type_variant: Array((
         alignment: None,
         base: 0,
         nelem: Some(4),
         elem_type: (
          comment: None,
          is_const: false,
          is_volatile: false,
          type_variant: Basic(Char),
         ),
        )),
       ),
      ),
     ],
     is_unaligned: false,
     is_unknown_8: false,
    )),
   ),
   sclass: None,
  ),
  (
   name: "$2216EDA7495BBAF57C7F27A68DB83E35",
   ordinal: 26,
   tinfo: (
    comment: None,
    is_const: false,
    is_volatile: false,
    type_variant: Struct((
     effective_alignment: None,
     members: [
      (
       name: Some("__count"),
       comment: None,
       member_type: (
        comment: None,
        is_const: false,
        is_volatile: false,
        type_variant: Basic(Int(
         is_signed: None,
        )),
       ),
       att: None,
       alignment: None,
       is_baseclass: false,
       is_unaligned: false,
       is_vft: false,
       is_method: false,
       is_unknown_8: false,
      ),
      (
       name: Some("__value"),
       comment: None,
       member_type: (
        comment: None,
        is_const: false,
        is_volatile: false,
        type_variant: Typeref((
         ref_type: None,
         typeref_value: Ref(24),
        )),
       ),
       att: None,
       alignment: None,
       is_baseclass: false,
       is_unaligned: false,
       is_vft: false,
       is_method: false,
       is_unknown_8: false,
      ),
     ],
     extra_padding: None,
     is_unaligned: false,
     is_msstruct: false,
     is_cppobj: false,
     is_vft: false,
     is_fixed: false,
     is_uknown_8: false,
     alignment: None,
    )),
   ),
   sclass: None,
  ),
  (
   name: "__mbstate_t",
   ordinal: 25,
   tinfo: (
    comment: None,
    is_const: false,
    is_volatile: false,
    type_variant: Typeref((
     ref_type: None,
     typeref_value: Ref(25),
    )),
   ),
   sclass: None,
  ),
  (
   name: "mbstate_t",
   ordinal: 24,
   tinfo: (
    comment: None,
    is_const: false,
    is_volatile: false,
    type_variant: Typeref((
     ref_type: None,
     typeref_value: Ref(26),
    )),
   ),
   sclass: None,
  ),
  (
   name: "__time_t",
   ordinal: 30,
   tinfo: (
    comment: None,
    is_const: false,
    is_volatile: false,
    type_variant: Basic(IntSized(
     bytes: 4,
     is_signed: None,
    )),
   ),
   sclass: None,
  ),
  (
   name: "__suseconds_t",
   ordinal: 31,
   tinfo: (
    comment: None,
    is_const: false,
    is_volatile: false,
    type_variant: Basic(IntSized(
     bytes: 4,
     is_signed: None,
    )),
   ),
   sclass: None,
  ),
  (
   name: "timeval",
   ordinal: 29,
   tinfo: (
    comment: None,
    is_const: false,
    is_volatile: false,
    type_variant: Struct((
     effective_alignment: None,
     members: [
      (
       name: Some("tv_sec"),
       comment: None,
       member_type: (
        comment: None,
        is_const: false,
        is_volatile: false,
        type_variant: Typeref((
         ref_type: None,
         typeref_value: Ref(28),
        )),
       ),
       att: None,
       alignment: None,
       is_baseclass: false,
       is_unaligned: false,
       is_vft: false,
       is_method: false,
       is_unknown_8: false,
      ),
      (
       name: Some("tv_usec"),
       comment: None,
       member_type: (
        comment: None,
        is_const: false,
        is_volatile: false,
        type_variant: Typeref((
         ref_type: None,
         typeref_value: Ref(29),
        )),
       ),
       att: None,
       alignment: None,
       is_baseclass: false,
       is_unaligned: false,
       is_vft: false,
       is_method: false,
       is_unknown_8: false,
      ),
     ],
     extra_padding: None,
     is_unaligned: false,
     is_msstruct: false,
     is_cppobj: false,
     is_vft: false,
     is_fixed: false,
     is_uknown_8: false,
     alignment: None,
    )),
   ),
   sclass: None,
  ),
  (
   name: "tm",
   ordinal: 32,
   tinfo: (
    comment: None,
    is_const: false,
    is_volatile: false,
    type_variant: Struct((
     effective_alignment: None,
     members: [
      (
       name: Some("tm_sec"),
       comment: None,
       member_type: (
        comment: None,
        is_const: false,
        is_volatile: false,
        type_variant: Basic(Int(
         is_signed: None,
        )),
       ),
       att: None,
       alignment: None,
       is_baseclass: false,
       is_unaligned: false,
       is_vft: false,
       is_method: false,
       is_unknown_8: false,
      ),
      (
       name: Some("tm_min"),
       comment: None,
       member_type: (
        comment: None,
        is_const: false,
        is_volatile: false,
        type_variant: Basic(Int(
         is_signed: None,
        )),
       ),
       att: None,
       alignment: None,
       is_baseclass: false,
       is_unaligned: false,
       is_vft: false,
       is_method: false,
       is_unknown_8: false,
      ),
      (
       name: Some("tm_hour"),
       comment: None,
       member_type: (
        comment: None,
        is_const: false,
        is_volatile: false,
        type_variant: Basic(Int(
         is_signed: None,
        )),
       ),
       att: None,
       alignment: None,
       is_baseclass: false,
       is_unaligned: false,
       is_vft: false,
       is_method: false,
       is_unknown_8: false,
      ),
      (
       name: Some("tm_mday"),
       comment: None,
       member_type: (
        comment: None,
        is_const: false,
        is_volatile: false,
        type_variant: Basic(Int(
         is_signed: None,
        )),
       ),
       att: None,
       alignment: None,
       is_baseclass: false,
       is_unaligned: false,
       is_vft: false,
       is_method: false,
       is_unknown_8: false,
      ),
      (
       name: Some("tm_mon"),
       comment: None,
       member_type: (
        comment: None,
        is_const: false,
        is_volatile: false,
        type_variant: Basic(Int(
         is_signed: None,
        )),
       ),
       att: None,
       alignment: None,
       is_baseclass: false,
       is_unaligned: false,
       is_vft: false,
       is_method: false,
       is_unknown_8: false,
      ),
      (
       name: Some("tm_year"),
       comment: None,
       member_type: (
        comment: None,
        is_const: false,
        is_volatile: false,
        type_variant: Basic(Int(
         is_signed: None,
        )),
       ),
       att: None,
       alignment: None,
       is_baseclass: false,
       is_unaligned: false,
       is_vft: false,
       is_method: false,
       is_unknown_8: false,
      ),
      (
       name: Some("tm_wday"),
       comment: None,
       member_type: (
        comment: None,
        is_const: false,
        is_volatile: false,
        type_variant: Basic(Int(
         is_signed: None,
        )),
       ),
       att: None,
       alignment: None,
       is_baseclass: false,
       is_unaligned: false,
       is_vft: false,
       is_method: false,
       is_unknown_8: false,
      ),
      (
       name: Some("tm_yday"),
       comment: None,
       member_type: (
        comment: None,
        is_const: false,
        is_volatile: false,
        type_variant: Basic(Int(
         is_signed: None,
        )),
       ),
       att: None,
       alignment: None,
       is_baseclass: false,
       is_unaligned: false,
       is_vft: false,
       is_method: false,
       is_unknown_8: false,
      ),
      (
       name: Some("tm_isdst"),
       comment: None,
       member_type: (
        comment: None,
        is_const: false,
        is_volatile: false,
        type_variant: Basic(Int(
         is_signed: None,
        )),
       ),
       att: None,
       alignment: None,
       is_baseclass: false,
       is_unaligned: false,
       is_vft: false,
       is_method: false,
       is_unknown_8: false,
      ),
      (
       name: Some("tm_gmtoff"),
       comment: None,
       member_type: (
        comment: None,
        is_const: false,
        is_volatile: false,
        type_variant: Basic(IntSized(
         bytes: 4,
         is_signed: None,
        )),
       ),
       att: None,
       alignment: None,
       is_baseclass: false,
       is_unaligned: false,
       is_vft: false,
       is_method: false,
       is_unknown_8: false,
      ),
      (
       name: Some("tm_zone"),
       comment: None,
       member_type: (
        comment: None,
        is_const: false,
        is_volatile: false,
        type_variant: Pointer((
         closure: Default,
         modifier: None,
         shifted: None,
         typ: (
          comment: None,
          is_const: true,
          is_volatile: false,
          type_variant: Basic(Char),
         ),
        )),
       ),
       att: None,
       alignment: None,
       is_baseclass: false,
       is_unaligned: false,
       is_vft: false,
       is_method: false,
       is_unknown_8: false,
      ),
     ],
     extra_padding: None,
     is_unaligned: false,
     is_msstruct: false,
     is_cppobj: false,
     is_vft: false,
     is_fixed: false,
     is_uknown_8: false,
     alignment: None,
    )),
   ),
   sclass: None,
  ),
  (
   name: "timespec",
   ordinal: 33,
   tinfo: (
    comment: None,
    is_const: false,
    is_volatile: false,
    type_variant: Struct((
     effective_alignment: None,
     members: [
      (
       name: Some("tv_sec"),
       comment: None,
       member_type: (
        comment: None,
        is_const: false,
        is_volatile: false,
        type_variant: Typeref((
         ref_type: None,
         typeref_value: Ref(28),
        )),
       ),
       att: None,
       alignment: None,
       is_baseclass: false,
       is_unaligned: false,
       is_vft: false,
       is_method: false,
       is_unknown_8: false,
      ),
      (
       name: Some("tv_nsec"),
       comment: None,
       member_type: (
        comment: None,
        is_const: false,
        is_volatile: false,
        type_variant: Basic(IntSized(
         bytes: 4,
         is_signed: None,
        )),
       ),
       att: None,
       alignment: None,
       is_baseclass: false,
       is_unaligned: false,
       is_vft: false,
       is_method: false,
       is_unknown_8: false,
      ),
     ],
     extra_padding: None,
     is_unaligned: false,
     is_msstruct: false,
     is_cppobj: false,
     is_vft: false,
     is_fixed: false,
     is_uknown_8: false,
     alignment: None,
    )),
   ),
   sclass: None,
  ),
  (
   name: "_IO_marker",
   ordinal: 35,
   tinfo: (
    comment: None,
    is_const: false,
    is_volatile: false,
    type_variant: Struct((
     effective_alignment: None,
     members: [
      (
       name: Some("_next"),
       comment: None,
       member_type: (
        comment: None,
        is_const: false,
        is_volatile: false,
        type_variant: Pointer((
         closure: Default,
         modifier: None,
         shifted: None,
         typ: (
          comment: None,
          is_const: false,
          is_volatile: false,
          type_variant: Typeref((
           ref_type: None,
           typeref_value: Ref(33),
          )),
         ),
        )),
       ),
       att: None,
       alignment: None,
       is_baseclass: false,
       is_unaligned: false,
       is_vft: false,
       is_method: false,
       is_unknown_8: false,
      ),
      (
       name: Some("_sbuf"),
       comment: None,
       member_type: (
        comment: None,
        is_const: false,
        is_volatile: false,
        type_variant: Pointer((
         closure: Default,
         modifier: None,
         shifted: None,
         typ: (
          comment: None,
          is_const: false,
          is_volatile: false,
          type_variant: Typeref((
           ref_type: None,
           typeref_value: Ref(39),
          )),
         ),
        )),
       ),
       att: None,
       alignment: None,
       is_baseclass: false,
       is_unaligned: false,
       is_vft: false,
       is_method: false,
       is_unknown_8: false,
      ),
      (
       name: Some("_pos"),
       comment: None,
       member_type: (
        comment: None,
        is_const: false,
        is_volatile: false,
        type_variant: Basic(Int(
         is_signed: None,
        )),
       ),
       att: None,
       alignment: None,
       is_baseclass: false,
       is_unaligned: false,
       is_vft: false,
       is_method: false,
       is_unknown_8: false,
      ),
     ],
     extra_padding: None,
     is_unaligned: false,
     is_msstruct: false,
     is_cppobj: false,
     is_vft: false,
     is_fixed: false,
     is_uknown_8: false,
     alignment: None,
    )),
   ),
   sclass: None,
  ),
  (
   name: "__off_t",
   ordinal: 36,
   tinfo: (
    comment: None,
    is_const: false,
    is_volatile: false,
    type_variant: Basic(IntSized(
     bytes: 4,
     is_signed: None,
    )),
   ),
   sclass: None,
  ),
  (
   name: "_IO_lock_t",
   ordinal: 37,
   tinfo: (
    comment: None,
    is_const: false,
    is_volatile: false,
    type_variant: Basic(Void),
   ),
   sclass: None,
  ),
  (
   name: "__quad_t",
   ordinal: 39,
   tinfo: (
    comment: None,
    is_const: false,
    is_volatile: false,
    type_variant: Basic(IntSized(
     bytes: 8,
     is_signed: None,
    )),
   ),
   sclass: None,
  ),
  (
   name: "__off64_t",
   ordinal: 38,
   tinfo: (
    comment: None,
    is_const: false,
    is_volatile: false,
    type_variant: Typeref((
     ref_type: None,
     typeref_value: Ref(36),
    )),
   ),
   sclass: None,
  ),
  (
   name: "size_t",
   ordinal: 40,
   tinfo: (
    comment: None,
    is_const: false,
    is_volatile: false,
    type_variant: Basic(IntSized(
     bytes: 4,
     is_signed: Some(false),
    )),
   ),
   sclass: None,
  ),
  (
   name: "_IO_FILE",
   ordinal: 34,
   tinfo: (
    comment: None,
    is_const: false,
    is_volatile: false,
    type_variant: Struct((
     effective_alignment: None,
     members: [
      (
       name: Some("_flags"),
       comment: None,
       member_type: (
        comment: None,
        is_const: false,
        is_volatile: false,
        type_variant: Basic(Int(
         is_signed: None,
        )),
       ),
       att: None,
       alignment: None,
       is_baseclass: false,
       is_unaligned: false,
       is_vft: false,
       is_method: false,
       is_unknown_8: false,
      ),
      (
       name: Some("_IO_read_ptr"),
       comment: None,
       member_type: (
        comment: None,
        is_const: false,
        is_volatile: false,
        type_variant: Pointer((
         closure: Default,
         modifier: None,
         shifted: None,
         typ: (
          comment: None,
          is_const: false,
          is_volatile: false,
          type_variant: Basic(Char),
         ),
        )),
       ),
       att: None,
       alignment: None,
       is_baseclass: false,
       is_unaligned: false,
       is_vft: false,
       is_method: false,
       is_unknown_8: false,
      ),
      (
       name: Some("_IO_read_end"),
       comment: None,
       member_type: (
        comment: None,
        is_const: false,
        is_volatile: false,
        type_variant: Pointer((
         closure: Default,
         modifier: None,
         shifted: None,
         typ: (
          comment: None,
          is_const: false,
          is_volatile: false,
          type_variant: Basic(Char),
         ),
        )),
       ),
       att: None,
       alignment: None,
       is_baseclass: false,
       is_unaligned: false,
       is_vft: false,
       is_method: false,
       is_unknown_8: false,
      ),
      (
       name: Some("_IO_read_base"),
       comment: None,
       member_type: (
        comment: None,
        is_const: false,
        is_volatile: false,
        type_variant: Pointer((
         closure: Default,
         modifier: None,
         shifted: None,
         typ: (
          comment: None,
          is_const: false,
          is_volatile: false,
          type_variant: Basic(Char),
         ),
        )),
       ),
       att: None,
       alignment: None,
       is_baseclass: false,
       is_unaligned: false,
       is_vft: false,
       is_method: false,
       is_unknown_8: false,
      ),
      (
       name: Some("_IO_write_base"),
       comment: None,
       member_type: (
        comment: None,
        is_const: false,
        is_volatile: false,
        type_variant: Pointer((
         closure: Default,
         modifier: None,
         shifted: None,
         typ: (
          comment: None,
          is_const: false,
          is_volatile: false,
          type_variant: Basic(Char),
         ),
        )),
       ),
       att: None,
       alignment: None,
       is_baseclass: false,
       is_unaligned: false,
       is_vft: false,
       is_method: false,
       is_unknown_8: false,
      ),
      (
       name: Some("_IO_write_ptr"),
       comment: None,
       member_type: (
        comment: None,
        is_const: false,
        is_volatile: false,
        type_variant: Pointer((
         closure: Default,
         modifier: None,
         shifted: None,
         typ: (
          comment: None,
          is_const: false,
          is_volatile: false,
          type_variant: Basic(Char),
         ),
        )),
       ),
       att: None,
       alignment: None,
       is_baseclass: false,
       is_unaligned: false,
       is_vft: false,
       is_method: false,
       is_unknown_8: false,
      ),
      (
       name: Some("_IO_write_end"),
       comment: None,
       member_type: (
        comment: None,
        is_const: false,
        is_volatile: false,
        type_variant: Pointer((
         closure: Default,
         modifier: None,
         shifted: None,
         typ: (
          comment: None,
          is_const: false,
          is_volatile: false,
          type_variant: Basic(Char),
         ),
        )),
       ),
       att: None,
       alignment: None,
       is_baseclass: false,
       is_unaligned: false,
       is_vft: false,
       is_method: false,
       is_unknown_8: false,
      ),
      (
       name: Some("_IO_buf_base"),
       comment: None,
       member_type: (
        comment: None,
        is_const: false,
        is_volatile: false,
        type_variant: Pointer((
         closure: Default,
         modifier: None,
         shifted: None,
         typ: (
          comment: None,
          is_const: false,
          is_volatile: false,
          type_variant: Basic(Char),
         ),
        )),
       ),
       att: None,
       alignment: None,
       is_baseclass: false,
       is_unaligned: false,
       is_vft: false,
       is_method: false,
       is_unknown_8: false,
      ),
      (
       name: Some("_IO_buf_end"),
       comment: None,
       member_type: (
        comment: None,
        is_const: false,
        is_volatile: false,
        type_variant: Pointer((
         closure: Default,
         modifier: None,
         shifted: None,
         typ: (
          comment: None,
          is_const: false,
          is_volatile: false,
          type_variant: Basic(Char),
         ),
        )),
       ),
       att: None,
       alignment: None,
       is_baseclass: false,
       is_unaligned: false,
       is_vft: false,
       is_method: false,
       is_unknown_8: false,
      ),
      (
       name: Some("_IO_save_base"),
       comment: None,
       member_type: (
        comment: None,
        is_const: false,
        is_volatile: false,
        type_variant: Pointer((
         closure: Default,
         modifier: None,
         shifted: None,
         typ: (
          comment: None,
          is_const: false,
          is_volatile: false,
          type_variant: Basic(Char),
         ),
        )),
       ),
       att: None,
       alignment: None,
       is_baseclass: false,
       is_unaligned: false,
       is_vft: false,
       is_method: false,
       is_unknown_8: false,
      ),
      (
       name: Some("_IO_backup_base"),
       comment: None,
       member_type: (
        comment: None,
        is_const: false,
        is_volatile: false,
        type_variant: Pointer((
         closure: Default,
         modifier: None,
         shifted: None,
         typ: (
          comment: None,
          is_const: false,
          is_volatile: false,
          type_variant: Basic(Char),
         ),
        )),
       ),
       att: None,
       alignment: None,
       is_baseclass: false,
       is_unaligned: false,
       is_vft: false,
       is_method: false,
       is_unknown_8: false,
      ),
      (
       name: Some("_IO_save_end"),
       comment: None,
       member_type: (
        comment: None,
        is_const: false,
        is_volatile: false,
        type_variant: Pointer((
         closure: Default,
         modifier: None,
         shifted: None,
         typ: (
          comment: None,
          is_const: false,
          is_volatile: false,
          type_variant: Basic(Char),
         ),
        )),
       ),
       att: None,
       alignment: None,
       is_baseclass: false,
       is_unaligned: false,
       is_vft: false,
       is_method: false,
       is_unknown_8: false,
      ),
      (
       name: Some("_markers"),
       comment: None,
       member_type: (
        comment: None,
        is_const: false,
        is_volatile: false,
        type_variant: Pointer((
         closure: Default,
         modifier: None,
         shifted: None,
         typ: (
          comment: None,
          is_const: false,
          is_volatile: false,
          type_variant: Typeref((
           ref_type: None,
           typeref_value: Ref(33),
          )),
         ),
        )),
       ),
       att: None,
       alignment: None,
       is_baseclass: false,
       is_unaligned: false,
       is_vft: false,
       is_method: false,
       is_unknown_8: false,
      ),
      (
       name: Some("_chain"),
       comment: None,
       member_type: (
        comment: None,
        is_const: false,
        is_volatile: false,
        type_variant: Pointer((
         closure: Default,
         modifier: None,
         shifted: None,
         typ: (
          comment: None,
          is_const: false,
          is_volatile: false,
          type_variant: Typeref((
           ref_type: None,
           typeref_value: Ref(39),
          )),
         ),
        )),
       ),
       att: None,
       alignment: None,
       is_baseclass: false,
       is_unaligned: false,
       is_vft: false,
       is_method: false,
       is_unknown_8: false,
      ),
      (
       name: Some("_fileno"),
       comment: None,
       member_type: (
        comment: None,
        is_const: false,
        is_volatile: false,
        type_variant: Basic(Int(
         is_signed: None,
        )),
       ),
       att: None,
       alignment: None,
       is_baseclass: false,
       is_unaligned: false,
       is_vft: false,
       is_method: false,
       is_unknown_8: false,
      ),
      (
       name: Some("_flags2"),
       comment: None,
       member_type: (
        comment: None,
        is_const: false,
        is_volatile: false,
        type_variant: Basic(Int(
         is_signed: None,
        )),
       ),
       att: None,
       alignment: None,
       is_baseclass: false,
       is_unaligned: false,
       is_vft: false,
       is_method: false,
       is_unknown_8: false,
      ),
      (
       name: Some("_old_offset"),
       comment: None,
       member_type: (
        comment: None,
        is_const: false,
        is_volatile: false,
        type_variant: Typeref((
         ref_type: None,
         typeref_value: Ref(34),
        )),
       ),
       att: None,
       alignment: None,
       is_baseclass: false,
       is_unaligned: false,
       is_vft: false,
       is_method: false,
       is_unknown_8: false,
      ),
      (
       name: Some("_cur_column"),
       comment: None,
       member_type: (
        comment: None,
        is_const: false,
        is_volatile: false,
        type_variant: Basic(IntSized(
         bytes: 2,
         is_signed: Some(false),
        )),
       ),
       att: None,
       alignment: None,
       is_baseclass: false,
       is_unaligned: false,
       is_vft: false,
       is_method: false,
       is_unknown_8: false,
      ),
      (
       name: Some("_vtable_offset"),
       comment: None,
       member_type: (
        comment: None,
        is_const: false,
        is_volatile: false,
        type_variant: Basic(IntSized(
         bytes: 1,
         is_signed: Some(true),
        )),
       ),
       att: None,
       alignment: None,
       is_baseclass: false,
       is_unaligned: false,
       is_vft: false,
       is_method: false,
       is_unknown_8: false,
      ),
      (
       name: Some("_shortbuf"),
       comment: None,
       member_type: (
        comment: None,
        is_const: false,
        is_volatile: false,
        type_variant: Array((
         alignment: None,
         base: 0,
         nelem: Some(1),
         elem_type: (
          comment: None,
          is_const: false,
          is_volatile: false,
          type_variant: Basic(Char),
         ),
        )),
       ),
       att: None,
       alignment: None,
       is_baseclass: false,
       is_unaligned: false,
       is_vft: false,
       is_method: false,
       is_unknown_8: false,
      ),
      (
       name: Some("_lock"),
       comment: None,
       member_type: (
        comment: None,
        is_const: false,
        is_volatile: false,
        type_variant: Pointer((
         closure: Default,
         modifier: None,
         shifted: None,
         typ: (
          comment: None,
          is_const: false,
          is_volatile: false,
          type_variant: Typeref((
           ref_type: None,
           typeref_value: Ref(35),
          )),
         ),
        )),
       ),
       att: None,
       alignment: None,
       is_baseclass: false,
       is_unaligned: false,
       is_vft: false,
       is_method: false,
       is_unknown_8: false,
      ),
      (
       name: Some("_offset"),
       comment: None,
       member_type: (
        comment: None,
        is_const: false,
        is_volatile: false,
        type_variant: Typeref((
         ref_type: None,
         typeref_value: Ref(37),
        )),
       ),
       att: None,
       alignment: None,
       is_baseclass: false,
       is_unaligned: false,
       is_vft: false,
       is_method: false,
       is_unknown_8: false,
      ),
      (
       name: Some("__pad1"),
       comment: None,
       member_type: (
        comment: None,
        is_const: false,
        is_volatile: false,
        type_variant: Pointer((
         closure: Default,
         modifier: None,
         shifted: None,
         typ: (
          comment: None,
          is_const: false,
          is_volatile: false,
          type_variant: Basic(Void),
         ),
        )),
       ),
       att: None,
       alignment: None,
       is_baseclass: false,
       is_unaligned: false,
       is_vft: false,
       is_method: false,
       is_unknown_8: false,
      ),
      (
       name: Some("__pad2"),
       comment: None,
       member_type: (
        comment: None,
        is_const: false,
        is_volatile: false,
        type_variant: Pointer((
         closure: Default,
         modifier: None,
         shifted: None,
         typ: (
          comment: None,
          is_const: false,
          is_volatile: false,
          type_variant: Basic(Void),
         ),
        )),
       ),
       att: None,
       alignment: None,
       is_baseclass: false,
       is_unaligned: false,
       is_vft: false,
       is_method: false,
       is_unknown_8: false,
      ),
      (
       name: Some("__pad3"),
       comment: None,
       member_type: (
        comment: None,
        is_const: false,
        is_volatile: false,
        type_variant: Pointer((
         closure: Default,
         modifier: None,
         shifted: None,
         typ: (
          comment: None,
          is_const: false,
          is_volatile: false,
          type_variant: Basic(Void),
         ),
        )),
       ),
       att: None,
       alignment: None,
       is_baseclass: false,
       is_unaligned: false,
       is_vft: false,
       is_method: false,
       is_unknown_8: false,
      ),
      (
       name: Some("__pad4"),
       comment: None,
       member_type: (
        comment: None,
        is_const: false,
        is_volatile: false,
        type_variant: Pointer((
         closure: Default,
         modifier: None,
         shifted: None,
         typ: (
          comment: None,
          is_const: false,
          is_volatile: false,
          type_variant: Basic(Void),
         ),
        )),
       ),
       att: None,
       alignment: None,
       is_baseclass: false,
       is_unaligned: false,
       is_vft: false,
       is_method: false,
       is_unknown_8: false,
      ),
      (
       name: Some("__pad5"),
       comment: None,
       member_type: (
        comment: None,
        is_const: false,
        is_volatile: false,
        type_variant: Typeref((
         ref_type: None,
         typeref_value: Ref(38),
        )),
       ),
       att: None,
       alignment: None,
       is_baseclass: false,
       is_unaligned: false,
       is_vft: false,
       is_method: false,
       is_unknown_8: false,
      ),
      (
       name: Some("_mode"),
       comment: None,
       member_type: (
        comment: None,
        is_const: false,
        is_volatile: false,
        type_variant: Basic(Int(
         is_signed: None,
        )),
       ),
       att: None,
       alignment: None,
       is_baseclass: false,
       is_unaligned: false,
       is_vft: false,
       is_method: false,
       is_unknown_8: false,
      ),
      (
       name: Some("_unused2"),
       comment: None,
       member_type: (
        comment: None,
        is_const: false,
        is_volatile: false,
        type_variant: Array((
         alignment: None,
         base: 0,
         nelem: Some(40),
         elem_type: (
          comment: None,
          is_const: false,
          is_volatile: false,
          type_variant: Basic(Char),
         ),
        )),
       ),
       att: None,
       alignment: None,
       is_baseclass: false,
       is_unaligned: false,
       is_vft: false,
       is_method: false,
       is_unknown_8: false,
      ),
     ],
     extra_padding: None,
     is_unaligned: false,
     is_msstruct: false,
     is_cppobj: false,
     is_vft: false,
     is_fixed: false,
     is_uknown_8: false,
     alignment: None,
    )),
   ),
   sclass: None,
  ),
 ],
 macros: Some([]),
))